Archive member included to satisfy reference by file (symbol)

C:/ST/STM32CubeIDE_1.19.0/STM32CubeIDE/plugins/com.st.stm32cube.ide.mcu.externaltools.gnu-tools-for-stm32.13.3.rel1.win32_1.0.0.202411081344/tools/bin/../lib/gcc/arm-none-eabi/13.3.1/../../../../arm-none-eabi/lib/thumb/v6-m/nofp\libc_nano.a(libc_a-exit.o)
                              C:/ST/STM32CubeIDE_1.19.0/STM32CubeIDE/plugins/com.st.stm32cube.ide.mcu.externaltools.gnu-tools-for-stm32.13.3.rel1.win32_1.0.0.202411081344/tools/bin/../lib/gcc/arm-none-eabi/13.3.1/../../../../arm-none-eabi/lib/thumb/v6-m/nofp/crt0.o (exit)
C:/ST/STM32CubeIDE_1.19.0/STM32CubeIDE/plugins/com.st.stm32cube.ide.mcu.externaltools.gnu-tools-for-stm32.13.3.rel1.win32_1.0.0.202411081344/tools/bin/../lib/gcc/arm-none-eabi/13.3.1/../../../../arm-none-eabi/lib/thumb/v6-m/nofp\libc_nano.a(libc_a-malloc.o)
                              ./Core/Src/LTC681x_HAL.o (malloc)
C:/ST/STM32CubeIDE_1.19.0/STM32CubeIDE/plugins/com.st.stm32cube.ide.mcu.externaltools.gnu-tools-for-stm32.13.3.rel1.win32_1.0.0.202411081344/tools/bin/../lib/gcc/arm-none-eabi/13.3.1/../../../../arm-none-eabi/lib/thumb/v6-m/nofp\libc_nano.a(libc_a-mallocr.o)
                              C:/ST/STM32CubeIDE_1.19.0/STM32CubeIDE/plugins/com.st.stm32cube.ide.mcu.externaltools.gnu-tools-for-stm32.13.3.rel1.win32_1.0.0.202411081344/tools/bin/../lib/gcc/arm-none-eabi/13.3.1/../../../../arm-none-eabi/lib/thumb/v6-m/nofp\libc_nano.a(libc_a-malloc.o) (_malloc_r)
C:/ST/STM32CubeIDE_1.19.0/STM32CubeIDE/plugins/com.st.stm32cube.ide.mcu.externaltools.gnu-tools-for-stm32.13.3.rel1.win32_1.0.0.202411081344/tools/bin/../lib/gcc/arm-none-eabi/13.3.1/../../../../arm-none-eabi/lib/thumb/v6-m/nofp\libc_nano.a(libc_a-mlock.o)
                              C:/ST/STM32CubeIDE_1.19.0/STM32CubeIDE/plugins/com.st.stm32cube.ide.mcu.externaltools.gnu-tools-for-stm32.13.3.rel1.win32_1.0.0.202411081344/tools/bin/../lib/gcc/arm-none-eabi/13.3.1/../../../../arm-none-eabi/lib/thumb/v6-m/nofp\libc_nano.a(libc_a-mallocr.o) (__malloc_lock)
C:/ST/STM32CubeIDE_1.19.0/STM32CubeIDE/plugins/com.st.stm32cube.ide.mcu.externaltools.gnu-tools-for-stm32.13.3.rel1.win32_1.0.0.202411081344/tools/bin/../lib/gcc/arm-none-eabi/13.3.1/../../../../arm-none-eabi/lib/thumb/v6-m/nofp\libc_nano.a(libc_a-findfp.o)
                              C:/ST/STM32CubeIDE_1.19.0/STM32CubeIDE/plugins/com.st.stm32cube.ide.mcu.externaltools.gnu-tools-for-stm32.13.3.rel1.win32_1.0.0.202411081344/tools/bin/../lib/gcc/arm-none-eabi/13.3.1/../../../../arm-none-eabi/lib/thumb/v6-m/nofp\libc_nano.a(libc_a-exit.o) (__stdio_exit_handler)
C:/ST/STM32CubeIDE_1.19.0/STM32CubeIDE/plugins/com.st.stm32cube.ide.mcu.externaltools.gnu-tools-for-stm32.13.3.rel1.win32_1.0.0.202411081344/tools/bin/../lib/gcc/arm-none-eabi/13.3.1/../../../../arm-none-eabi/lib/thumb/v6-m/nofp\libc_nano.a(libc_a-fwalk.o)
                              C:/ST/STM32CubeIDE_1.19.0/STM32CubeIDE/plugins/com.st.stm32cube.ide.mcu.externaltools.gnu-tools-for-stm32.13.3.rel1.win32_1.0.0.202411081344/tools/bin/../lib/gcc/arm-none-eabi/13.3.1/../../../../arm-none-eabi/lib/thumb/v6-m/nofp\libc_nano.a(libc_a-findfp.o) (_fwalk_sglue)
C:/ST/STM32CubeIDE_1.19.0/STM32CubeIDE/plugins/com.st.stm32cube.ide.mcu.externaltools.gnu-tools-for-stm32.13.3.rel1.win32_1.0.0.202411081344/tools/bin/../lib/gcc/arm-none-eabi/13.3.1/../../../../arm-none-eabi/lib/thumb/v6-m/nofp\libc_nano.a(libc_a-printf.o)
                              ./Core/Src/main.o (printf)
C:/ST/STM32CubeIDE_1.19.0/STM32CubeIDE/plugins/com.st.stm32cube.ide.mcu.externaltools.gnu-tools-for-stm32.13.3.rel1.win32_1.0.0.202411081344/tools/bin/../lib/gcc/arm-none-eabi/13.3.1/../../../../arm-none-eabi/lib/thumb/v6-m/nofp\libc_nano.a(libc_a-putchar.o)
                              ./Core/Src/main.o (putchar)
C:/ST/STM32CubeIDE_1.19.0/STM32CubeIDE/plugins/com.st.stm32cube.ide.mcu.externaltools.gnu-tools-for-stm32.13.3.rel1.win32_1.0.0.202411081344/tools/bin/../lib/gcc/arm-none-eabi/13.3.1/../../../../arm-none-eabi/lib/thumb/v6-m/nofp\libc_nano.a(libc_a-puts.o)
                              ./Core/Src/main.o (puts)
C:/ST/STM32CubeIDE_1.19.0/STM32CubeIDE/plugins/com.st.stm32cube.ide.mcu.externaltools.gnu-tools-for-stm32.13.3.rel1.win32_1.0.0.202411081344/tools/bin/../lib/gcc/arm-none-eabi/13.3.1/../../../../arm-none-eabi/lib/thumb/v6-m/nofp\libc_nano.a(libc_a-stdio.o)
                              C:/ST/STM32CubeIDE_1.19.0/STM32CubeIDE/plugins/com.st.stm32cube.ide.mcu.externaltools.gnu-tools-for-stm32.13.3.rel1.win32_1.0.0.202411081344/tools/bin/../lib/gcc/arm-none-eabi/13.3.1/../../../../arm-none-eabi/lib/thumb/v6-m/nofp\libc_nano.a(libc_a-findfp.o) (__sread)
C:/ST/STM32CubeIDE_1.19.0/STM32CubeIDE/plugins/com.st.stm32cube.ide.mcu.externaltools.gnu-tools-for-stm32.13.3.rel1.win32_1.0.0.202411081344/tools/bin/../lib/gcc/arm-none-eabi/13.3.1/../../../../arm-none-eabi/lib/thumb/v6-m/nofp\libc_nano.a(libc_a-wbuf.o)
[...]
Memory Configuration

Name             Origin             Length             Attributes
RAM              0x20000000         0x00008000         xrw
FLASH            0x08000000         0x00040000         xr
*default*        0x00000000         0xffffffff

Linker script and memory map

LOAD C:/ST/STM32CubeIDE_1.19.0/STM32CubeIDE/plugins/com.st.stm32cube.ide.mcu.externaltools.gnu-tools-for-stm32.13.3.rel1.win32_1.0.0.202411081344/tools/bin/../lib/gcc/arm-none-eabi/13.3.1/thumb/v6-m/nofp/crti.o
LOAD C:/ST/STM32CubeIDE_1.19.0/STM32CubeIDE/plugins/com.st.stm32cube.ide.mcu.externaltools.gnu-tools-for-stm32.13.3.rel1.win32_1.0.0.202411081344/tools/bin/../lib/gcc/arm-none-eabi/13.3.1/thumb/v6-m/nofp/crtbegin.o
LOAD C:/ST/STM32CubeIDE_1.19.0/STM32CubeIDE/plugins/com.st.stm32cube.ide.mcu.externaltools.gnu-tools-for-stm32.13.3.rel1.win32_1.0.0.202411081344/tools/bin/../lib/gcc/arm-none-eabi/13.3.1/../../../../arm-none-eabi/lib/thumb/v6-m/nofp/crt0.o
LOAD ./Core/Src/LTC6813_HAL.o
LOAD ./Core/Src/LTC681x_HAL.o
LOAD ./Core/Src/LT_HAL_SPI.o
LOAD ./Core/Src/main.o
LOAD ./Core/Src/stm32f0xx_hal_msp.o
LOAD ./Core/Src/stm32f0xx_it.o
LOAD ./Core/Src/syscalls.o
LOAD ./Core/Src/sysmem.o
LOAD ./Core/Src/system_stm32f0xx.o
LOAD ./Core/Startup/startup_stm32f091rctx.o
LOAD ./Drivers/STM32F0xx_HAL_Driver/Src/stm32f0xx_hal.o
LOAD ./Drivers/STM32F0xx_HAL_Driver/Src/stm32f0xx_hal_adc.o
LOAD ./Drivers/STM32F0xx_HAL_Driver/Src/stm32f0xx_hal_adc_ex.o
LOAD ./Drivers/STM32F0xx_HAL_Driver/Src/stm32f0xx_hal_can.o
LOAD ./Drivers/STM32F0xx_HAL_Driver/Src/stm32f0xx_hal_cortex.o
LOAD ./Drivers/STM32F0xx_HAL_Driver/Src/stm32f0xx_hal_dma.o
LOAD ./Drivers/STM32F0xx_HAL_Driver/Src/stm32f0xx_hal_exti.o
LOAD ./Drivers/STM32F0xx_HAL_Driver/Src/stm32f0xx_hal_flash.o
LOAD ./Drivers/STM32F0xx_HAL_Driver/Src/stm32f0xx_hal_flash_ex.o
LOAD ./Drivers/STM32F0xx_HAL_Driver/Src/stm32f0xx_hal_gpio.o
LOAD ./Drivers/STM32F0xx_HAL_Driver/Src/stm32f0xx_hal_i2c.o
LOAD ./Drivers/STM32F0xx_HAL_Driver/Src/stm32f0xx_hal_i2c_ex.o
LOAD ./Drivers/STM32F0xx_HAL_Driver/Src/stm32f0xx_hal_pwr.o
LOAD ./Drivers/STM32F0xx_HAL_Driver/Src/stm32f0xx_hal_pwr_ex.o
LOAD ./Drivers/STM32F0xx_HAL_Driver/Src/stm32f0xx_hal_rcc.o
LOAD ./Drivers/STM32F0xx_HAL_Driver/Src/stm32f0xx_hal_rcc_ex.o
LOAD ./Drivers/STM32F0xx_HAL_Driver/Src/stm32f0xx_hal_spi.o
LOAD ./Drivers/STM32F0xx_HAL_Driver/Src/stm32f0xx_hal_spi_ex.o
LOAD ./Drivers/STM32F0xx_HAL_Driver/Src/stm32f0xx_hal_tim.o
LOAD ./Drivers/STM32F0xx_HAL_Driver/Src/stm32f0xx_hal_tim_ex.o
LOAD ./Drivers/STM32F0xx_HAL_Driver/Src/stm32f0xx_hal_uart.o
LOAD ./Drivers/STM32F0xx_HAL_Driver/Src/stm32f0xx_hal_uart_ex.o
START GROUP
LOAD C:/ST/STM32CubeIDE_1.19.0/STM32CubeIDE/plugins/com.st.stm32cube.ide.mcu.externaltools.gnu-tools-for-stm32.13.3.rel1.win32_1.0.0.202411081344/tools/bin/../lib/gcc/arm-none-eabi/13.3.1/../../../../arm-none-eabi/lib/thumb/v6-m/nofp\libc_nano.a
LOAD C:/ST/STM32CubeIDE_1.19.0/STM32CubeIDE/plugins/com.st.stm32cube.ide.mcu.externaltools.gnu-tools-for-stm32.13.3.rel1.win32_1.0.0.202411081344/tools/bin/../lib/gcc/arm-none-eabi/13.3.1/../../../../arm-none-eabi/lib/thumb/v6-m/nofp\libm.a
END GROUP
START GROUP
LOAD C:/ST/STM32CubeIDE_1.19.0/STM32CubeIDE/plugins/com.st.stm32cube.ide.mcu.externaltools.gnu-tools-for-stm32.13.3.rel1.win32_1.0.0.202411081344/tools/bin/../lib/gcc/arm-none-eabi/13.3.1/thumb/v6-m/nofp\libgcc.a
LOAD C:/ST/STM32CubeIDE_1.19.0/STM32CubeIDE/plugins/com.st.stm32cube.ide.mcu.externaltools.gnu-tools-for-stm32.13.3.rel1.win32_1.0.0.202411081344/tools/bin/../lib/gcc/arm-none-eabi/13.3.1/../../../../arm-none-eabi/lib/thumb/v6-m/nofp\libc_nano.a
END GROUP
START GROUP
LOAD C:/ST/STM32CubeIDE_1.19.0/STM32CubeIDE/plugins/com.st.stm32cube.ide.mcu.externaltools.gnu-tools-for-stm32.13.3.rel1.win32_1.0.0.202411081344/tools/bin/../lib/gcc/arm-none-eabi/13.3.1/thumb/v6-m/nofp\libgcc.a
LOAD C:/ST/STM32CubeIDE_1.19.0/STM32CubeIDE/plugins/com.st.stm32cube.ide.mcu.externaltools.gnu-tools-for-stm32.13.3.rel1.win32_1.0.0.202411081344/tools/bin/../lib/gcc/arm-none-eabi/13.3.1/../../../../arm-none-eabi/lib/thumb/v6-m/nofp\libc_nano.a
LOAD C:/ST/STM32CubeIDE_1.19.0/STM32CubeIDE/plugins/com.st.stm32cube.ide.mcu.externaltools.gnu-tools-for-stm32.13.3.rel1.win32_1.0.0.202411081344/tools/bin/../lib/gcc/arm-none-eabi/13.3.1/../../../../arm-none-eabi/lib/thumb/v6-m/nofp\libnosys.a
END GROUP
START GROUP
LOAD C:/ST/STM32CubeIDE_1.19.0/STM32CubeIDE/plugins/com.st.stm32cube.ide.mcu.externaltools.gnu-tools-for-stm32.13.3.rel1.win32_1.0.0.202411081344/tools/bin/../lib/gcc/arm-none-eabi/13.3.1/thumb/v6-m/nofp\libgcc.a
LOAD C:/ST/STM32CubeIDE_1.19.0/STM32CubeIDE/plugins/com.st.stm32cube.ide.mcu.externaltools.gnu-tools-for-stm32.13.3.rel1.win32_1.0.0.202411081344/tools/bin/../lib/gcc/arm-none-eabi/13.3.1/../../../../arm-none-eabi/lib/thumb/v6-m/nofp\libc_nano.a
LOAD C:/ST/STM32CubeIDE_1.19.0/STM32CubeIDE/plugins/com.st.stm32cube.ide.mcu.externaltools.gnu-tools-for-stm32.13.3.rel1.win32_1.0.0.202411081344/tools/bin/../lib/gcc/arm-none-eabi/13.3.1/../../../../arm-none-eabi/lib/thumb/v6-m/nofp\libnosys.a
END GROUP
LOAD C:/ST/STM32CubeIDE_1.19.0/STM32CubeIDE/plugins/com.st.stm32cube.ide.mcu.externaltools.gnu-tools-for-stm32.13.3.rel1.win32_1.0.0.202411081344/tools/bin/../lib/gcc/arm-none-eabi/13.3.1/thumb/v6-m/nofp/crtend.o
LOAD C:/ST/STM32CubeIDE_1.19.0/STM32CubeIDE/plugins/com.st.stm32cube.ide.mcu.externaltools.gnu-tools-for-stm32.13.3.rel1.win32_1.0.0.202411081344/tools/bin/../lib/gcc/arm-none-eabi/13.3.1/thumb/v6-m/nofp/crtn.o
                0x20008000                        _estack = (ORIGIN (RAM) + LENGTH (RAM))
                0x00000200                        _Min_Heap_Size = 0x200
                0x00000400                        _Min_Stack_Size = 0x400

.isr_vector     0x08000000       0xbc
                0x08000000                        . = ALIGN (0x4)
 *(.isr_vector)
 .isr_vector    0x08000000       0xbc ./Core/Startup/startup_stm32f091rctx.o
                0x08000000                g_pfnVectors
                0x080000bc                        . = ALIGN (0x4)

.text           0x080000bc     0x76a8
                0x080000bc                        . = ALIGN (0x4)
 *(.text)
 .text          0x080000bc       0x48 C:/ST/STM32CubeIDE_1.19.0/STM32CubeIDE/plugins/com.st.stm32cube.ide.mcu.externaltools.gnu-tools-for-stm32.13.3.rel1.win32_1.0.0.202411081344/tools/bin/../lib/gcc/arm-none-eabi/13.3.1/thumb/v6-m/nofp/crtbegin.o
 .text          0x08000104       0x14 C:/ST/STM32CubeIDE_1.19.0/STM32CubeIDE/plugins/com.st.stm32cube.ide.mcu.externaltools.gnu-tools-for-stm32.13.3.rel1.win32_1.0.0.202411081344/tools/bin/../lib/gcc/arm-none-eabi/13.3.1/thumb/v6-m/nofp\libgcc.a(_thumb1_case_shi.o)
                0x08000104                __gnu_thumb1_case_shi
 .text          0x08000118      0x114 C:/ST/STM32CubeIDE_1.19.0/STM32CubeIDE/plugins/com.st.stm32cube.ide.mcu.externaltools.gnu-tools-for-stm32.13.3.rel1.win32_1.0.0.202411081344/tools/bin/../lib/gcc/arm-none-eabi/13.3.1/thumb/v6-m/nofp\libgcc.a(_udivsi3.o)
                0x08000118                __aeabi_uidiv
                0x08000118                __udivsi3
                0x08000224                __aeabi_uidivmod
 .text          0x0800022c        0x4 C:/ST/STM32CubeIDE_1.19.0/STM32CubeIDE/plugins/com.st.stm32cube.ide.mcu.externaltools.gnu-tools-for-stm32.13.3.rel1.win32_1.0.0.202411081344/tools/bin/../lib/gcc/arm-none-eabi/13.3.1/thumb/v6-m/nofp\libgcc.a(_dvmd_tls.o)
                0x0800022c                __aeabi_idiv0
                0x0800022c                __aeabi_ldiv0
 .text          0x08000230      0x5cc C:/ST/STM32CubeIDE_1.19.0/STM32CubeIDE/plugins/com.st.stm32cube.ide.mcu.externaltools.gnu-tools-for-stm32.13.3.rel1.win32_1.0.0.202411081344/tools/bin/../lib/gcc/arm-none-eabi/13.3.1/thumb/v6-m/nofp\libgcc.a(muldf3.o)
                0x08000230                __aeabi_dmul
 .text          0x080007fc       0x5c C:/ST/STM32CubeIDE_1.19.0/STM32CubeIDE/plugins/com.st.stm32cube.ide.mcu.externaltools.gnu-tools-for-stm32.13.3.rel1.win32_1.0.0.202411081344/tools/bin/../lib/gcc/arm-none-eabi/13.3.1/thumb/v6-m/nofp\libgcc.a(floatsidf.o)
                0x080007fc                __aeabi_i2d
 .text          0x08000858       0x3c C:/ST/STM32CubeIDE_1.19.0/STM32CubeIDE/plugins/com.st.stm32cube.ide.mcu.externaltools.gnu-tools-for-stm32.13.3.rel1.win32_1.0.0.202411081344/tools/bin/../lib/gcc/arm-none-eabi/13.3.1/thumb/v6-m/nofp\libgcc.a(_clzsi2.o)
                0x08000858                __clzsi2
 *(.text*)
 .text.LTC6813_init_reg_limits
                0x08000894       0xae ./Core/Src/LTC6813_HAL.o
                0x08000894                LTC6813_init_reg_limits
 .text.LTC6813_wrcfg
                0x08000942       0x24 ./Core/Src/LTC6813_HAL.o
                0x08000942                LTC6813_wrcfg
 .text.LTC6813_rdcfg
                0x08000966       0x38 ./Core/Src/LTC6813_HAL.o
                0x08000966                LTC6813_rdcfg
 .text.LTC6813_adcv
                0x0800099e       0x38 ./Core/Src/LTC6813_HAL.o
                0x0800099e                LTC6813_adcv
 .text.LTC6813_adax
                0x080009d6       0x2a ./Core/Src/LTC6813_HAL.o
                0x080009d6                LTC6813_adax
 .text.LTC6813_rdcv
                0x08000a00       0x40 ./Core/Src/LTC6813_HAL.o
                0x08000a00                LTC6813_rdcv
 .text.LTC6813_rdaux
                0x08000a40       0x3a ./Core/Src/LTC6813_HAL.o
                0x08000a40                LTC6813_rdaux
 .text.LTC6813_pollAdc
                0x08000a7a       0x10 ./Core/Src/LTC6813_HAL.o
                0x08000a7a                LTC6813_pollAdc
 .text.LTC6813_reset_crc_count
                0x08000a8a       0x24 ./Core/Src/LTC6813_HAL.o
                0x08000a8a                LTC6813_reset_crc_count
 .text.LTC6813_init_cfg
                0x08000aae       0x24 ./Core/Src/LTC6813_HAL.o
                0x08000aae                LTC6813_init_cfg
 .text.LTC6813_set_cfgr
                0x08000ad2       0x96 ./Core/Src/LTC6813_HAL.o
                0x08000ad2                LTC6813_set_cfgr
 .text.wakeup_idle
                0x08000b68       0x42 ./Core/Src/LTC681x_HAL.o
                0x08000b68                wakeup_idle
 .text.wakeup_sleep
                0x08000baa       0x4c ./Core/Src/LTC681x_HAL.o
                0x08000baa                wakeup_sleep
 .text.cmd_68   0x08000bf6       0x64 ./Core/Src/LTC681x_HAL.o
                0x08000bf6                cmd_68
 .text.write_68
                0x08000c5a      0x190 ./Core/Src/LTC681x_HAL.o
                0x08000c5a                write_68
 *fill*         0x08000dea        0x2 
 .text.read_68  0x08000dec      0x1c0 ./Core/Src/LTC681x_HAL.o
                0x08000dec                read_68
 .text.pec15_calc
                0x08000fac       0x98 ./Core/Src/LTC681x_HAL.o
                0x08000fac                pec15_calc
 .text.LTC681x_wrcfg
                0x08001044      0x13c ./Core/Src/LTC681x_HAL.o
                0x08001044                LTC681x_wrcfg
 .text.LTC681x_rdcfg
                0x08001180      0x1f4 ./Core/Src/LTC681x_HAL.o
                0x08001180                LTC681x_rdcfg
 .text.LTC681x_adcv
                0x08001374       0x7a ./Core/Src/LTC681x_HAL.o
                0x08001374                LTC681x_adcv
 .text.LTC681x_adax
                0x080013ee       0x62 ./Core/Src/LTC681x_HAL.o
                0x080013ee                LTC681x_adax
 .text.LTC681x_rdcv
                0x08001450      0x1d8 ./Core/Src/LTC681x_HAL.o
                0x08001450                LTC681x_rdcv
 .text.LTC681x_rdaux
                0x08001628      0x1b6 ./Core/Src/LTC681x_HAL.o
                0x08001628                LTC681x_rdaux
 .text.LTC681x_rdcv_reg
                0x080017de      0x104 ./Core/Src/LTC681x_HAL.o
                0x080017de                LTC681x_rdcv_reg
 .text.LTC681x_rdaux_reg
                0x080018e2       0xe4 ./Core/Src/LTC681x_HAL.o
                0x080018e2                LTC681x_rdaux_reg
 .text.parse_cells
                0x080019c6      0x15c ./Core/Src/LTC681x_HAL.o
                0x080019c6                parse_cells
 *fill*         0x08001b22        0x2 
 .text.LTC681x_pollAdc
                0x08001b24       0xb0 ./Core/Src/LTC681x_HAL.o
                0x08001b24                LTC681x_pollAdc
 .text.LTC681x_check_pec
                0x08001bd4      0x324 ./Core/Src/LTC681x_HAL.o
                0x08001bd4                LTC681x_check_pec
 .text.LTC681x_reset_crc_count
                0x08001ef8       0xcc ./Core/Src/LTC681x_HAL.o
                0x08001ef8                LTC681x_reset_crc_count
 .text.LTC681x_init_cfg
                0x08001fc4       0x6e ./Core/Src/LTC681x_HAL.o
                0x08001fc4                LTC681x_init_cfg
 .text.LTC681x_set_cfgr_refon
                0x08002032       0x6c ./Core/Src/LTC681x_HAL.o
                0x08002032                LTC681x_set_cfgr_refon
 .text.LTC681x_set_cfgr_adcopt
                0x0800209e       0x6c ./Core/Src/LTC681x_HAL.o
                0x0800209e                LTC681x_set_cfgr_adcopt
 .text.LTC681x_set_cfgr_gpio
                0x0800210a       0xa8 ./Core/Src/LTC681x_HAL.o
                0x0800210a                LTC681x_set_cfgr_gpio
 .text.LTC681x_set_cfgr_dis
                0x080021b2      0x12a ./Core/Src/LTC681x_HAL.o
                0x080021b2                LTC681x_set_cfgr_dis
 .text.LTC681x_set_cfgr_dcto
                0x080022dc       0xa8 ./Core/Src/LTC681x_HAL.o
                0x080022dc                LTC681x_set_cfgr_dcto
 .text.LTC681x_set_cfgr_uv
                0x08002384       0x98 ./Core/Src/LTC681x_HAL.o
                0x08002384                LTC681x_set_cfgr_uv
 .text.LTC681x_set_cfgr_ov
                0x0800241c       0x92 ./Core/Src/LTC681x_HAL.o
                0x0800241c                LTC681x_set_cfgr_ov
 .text.cs_low   0x080024ae       0x26 ./Core/Src/LT_HAL_SPI.o
                0x080024ae                cs_low
 .text.cs_high  0x080024d4       0x26 ./Core/Src/LT_HAL_SPI.o
                0x080024d4                cs_high
 *fill*         0x080024fa        0x2 
 .text.delay_u  0x080024fc       0x34 ./Core/Src/LT_HAL_SPI.o
                0x080024fc                delay_u
 .text.spi_write_array
                0x08002530       0x5c ./Core/Src/LT_HAL_SPI.o
                0x08002530                spi_write_array
 .text.spi_write_read
                0x0800258c       0xac ./Core/Src/LT_HAL_SPI.o
                0x0800258c                spi_write_read
 .text.spi_read_byte
                0x08002638       0x30 ./Core/Src/LT_HAL_SPI.o
                0x08002638                spi_read_byte
 .text.main     0x08002668      0x1b4 ./Core/Src/main.o
                0x08002668                main
 .text.SystemClock_Config
                0x0800281c       0xba ./Core/Src/main.o
                0x0800281c                SystemClock_Config
 *fill*         0x080028d6        0x2 
 .text.MX_ADC_Init
                0x080028d8      0x1bc ./Core/Src/main.o
 .text.MX_CAN_Init
                0x08002a94       0x6c ./Core/Src/main.o
 .text.MX_SPI1_Init
                0x08002b00       0x7c ./Core/Src/main.o
 .text.MX_TIM2_Init
                0x08002b7c       0xa8 ./Core/Src/main.o
 .text.MX_USART1_UART_Init
                0x08002c24       0x60 ./Core/Src/main.o
 .text.MX_GPIO_Init
                0x08002c84      0x154 ./Core/Src/main.o
 .text.__io_putchar
                0x08002dd8       0x28 ./Core/Src/main.o
                0x08002dd8                __io_putchar
 .text.print_wrconfig
                0x08002e00       0xd0 ./Core/Src/main.o
                0x08002e00                print_wrconfig
 .text.print_rxconfig
                0x08002ed0       0xc8 ./Core/Src/main.o
                0x08002ed0                print_rxconfig
 .text.print_cells
                0x08002f98      0x134 ./Core/Src/main.o
                0x08002f98                print_cells
 .text.print_aux
                0x080030cc      0x198 ./Core/Src/main.o
                0x080030cc                print_aux
 .text.serial_print_hex
                0x08003264       0x44 ./Core/Src/main.o
                0x08003264                serial_print_hex
 .text.check_error
                0x080032a8       0x24 ./Core/Src/main.o
                0x080032a8                check_error
 .text.Error_Handler
                0x080032cc        0xc ./Core/Src/main.o
                0x080032cc                Error_Handler
 .text.HAL_MspInit
                0x080032d8       0x48 ./Core/Src/stm32f0xx_hal_msp.o
                0x080032d8                HAL_MspInit
 .text.HAL_ADC_MspInit
                0x08003320       0xcc ./Core/Src/stm32f0xx_hal_msp.o
                0x08003320                HAL_ADC_MspInit
 .text.HAL_CAN_MspInit
                0x080033ec       0x9c ./Core/Src/stm32f0xx_hal_msp.o
                0x080033ec                HAL_CAN_MspInit
 .text.HAL_SPI_MspInit
                0x08003488       0x9c ./Core/Src/stm32f0xx_hal_msp.o
                0x08003488                HAL_SPI_MspInit
 .text.HAL_TIM_Base_MspInit
                0x08003524       0x38 ./Core/Src/stm32f0xx_hal_msp.o
                0x08003524                HAL_TIM_Base_MspInit
 .text.HAL_UART_MspInit
                0x0800355c       0x9c ./Core/Src/stm32f0xx_hal_msp.o
                0x0800355c                HAL_UART_MspInit
 .text.NMI_Handler
                0x080035f8        0x8 ./Core/Src/stm32f0xx_it.o
                0x080035f8                NMI_Handler
 .text.HardFault_Handler
                0x08003600        0x8 ./Core/Src/stm32f0xx_it.o
                0x08003600                HardFault_Handler
 .text.SVC_Handler
                0x08003608        0xa ./Core/Src/stm32f0xx_it.o
                0x08003608                SVC_Handler
 .text.PendSV_Handler
                0x08003612        0xa ./Core/Src/stm32f0xx_it.o
                0x08003612                PendSV_Handler
 .text.SysTick_Handler
                0x0800361c        0xe ./Core/Src/stm32f0xx_it.o
                0x0800361c                SysTick_Handler
 .text._read    0x0800362a       0x3a ./Core/Src/syscalls.o
                0x0800362a                _read
 .text._write   0x08003664       0x38 ./Core/Src/syscalls.o
                0x08003664                _write
 .text._close   0x0800369c       0x14 ./Core/Src/syscalls.o
                0x0800369c                _close
 .text._fstat   0x080036b0       0x1c ./Core/Src/syscalls.o
                0x080036b0                _fstat
 .text._isatty  0x080036cc       0x12 ./Core/Src/syscalls.o
                0x080036cc                _isatty
 .text._lseek   0x080036de       0x16 ./Core/Src/syscalls.o
                0x080036de                _lseek
 .text._sbrk    0x080036f4       0x6c ./Core/Src/sysmem.o
                0x080036f4                _sbrk
 .text.SystemInit
                0x08003760        0xa ./Core/Src/system_stm32f0xx.o
                0x08003760                SystemInit
 *fill*         0x0800376a        0x2 
 .text.Reset_Handler
                0x0800376c       0x50 ./Core/Startup/startup_stm32f091rctx.o
                0x0800376c                Reset_Handler
 .text.Default_Handler
                0x080037bc        0x2 ./Core/Startup/startup_stm32f091rctx.o
                0x080037bc                TIM1_CC_IRQHandler
                0x080037bc                TSC_IRQHandler
                0x080037bc                ADC1_COMP_IRQHandler
                0x080037bc                I2C1_IRQHandler
                0x080037bc                RCC_CRS_IRQHandler
                0x080037bc                SPI1_IRQHandler
                0x080037bc                TIM6_DAC_IRQHandler
                0x080037bc                DMA1_Ch1_IRQHandler
                0x080037bc                EXTI2_3_IRQHandler
                0x080037bc                I2C2_IRQHandler
                0x080037bc                TIM17_IRQHandler
                0x080037bc                CEC_CAN_IRQHandler
                0x080037bc                RTC_IRQHandler
                0x080037bc                PVD_VDDIO2_IRQHandler
                0x080037bc                TIM16_IRQHandler
                0x080037bc                TIM3_IRQHandler
                0x080037bc                EXTI4_15_IRQHandler
                0x080037bc                USART3_8_IRQHandler
                0x080037bc                Default_Handler
                0x080037bc                TIM14_IRQHandler
                0x080037bc                TIM7_IRQHandler
                0x080037bc                TIM15_IRQHandler
                0x080037bc                EXTI0_1_IRQHandler
                0x080037bc                SPI2_IRQHandler
                0x080037bc                DMA1_Ch2_3_DMA2_Ch1_2_IRQHandler
                0x080037bc                DMA1_Ch4_7_DMA2_Ch3_5_IRQHandler
                0x080037bc                WWDG_IRQHandler
                0x080037bc                TIM2_IRQHandler
                0x080037bc                USART2_IRQHandler
                0x080037bc                FLASH_IRQHandler
                0x080037bc                USART1_IRQHandler
                0x080037bc                TIM1_BRK_UP_TRG_COM_IRQHandler
 *fill*         0x080037be        0x2 
 .text.HAL_Init
                0x080037c0       0x28 ./Drivers/STM32F0xx_HAL_Driver/Src/stm32f0xx_hal.o
                0x080037c0                HAL_Init
 .text.HAL_InitTick
                0x080037e8       0x68 ./Drivers/STM32F0xx_HAL_Driver/Src/stm32f0xx_hal.o
                0x080037e8                HAL_InitTick
 .text.HAL_IncTick
                0x08003850       0x24 ./Drivers/STM32F0xx_HAL_Driver/Src/stm32f0xx_hal.o
                0x08003850                HAL_IncTick
 .text.HAL_GetTick
                0x08003874       0x14 ./Drivers/STM32F0xx_HAL_Driver/Src/stm32f0xx_hal.o
                0x08003874                HAL_GetTick
 .text.HAL_ADC_Init
                0x08003888      0x280 ./Drivers/STM32F0xx_HAL_Driver/Src/stm32f0xx_hal_adc.o
                0x08003888                HAL_ADC_Init
 .text.HAL_ADC_ConfigChannel
                0x08003b08      0x21c ./Drivers/STM32F0xx_HAL_Driver/Src/stm32f0xx_hal_adc.o
                0x08003b08                HAL_ADC_ConfigChannel
 .text.HAL_CAN_Init
                0x08003d24      0x1fc ./Drivers/STM32F0xx_HAL_Driver/Src/stm32f0xx_hal_can.o
                0x08003d24                HAL_CAN_Init
 .text.__NVIC_SetPriority
                0x08003f20       0xdc ./Drivers/STM32F0xx_HAL_Driver/Src/stm32f0xx_hal_cortex.o
 .text.SysTick_Config
                0x08003ffc       0x48 ./Drivers/STM32F0xx_HAL_Driver/Src/stm32f0xx_hal_cortex.o
 .text.HAL_NVIC_SetPriority
                0x08004044       0x2a ./Drivers/STM32F0xx_HAL_Driver/Src/stm32f0xx_hal_cortex.o
                0x08004044                HAL_NVIC_SetPriority
 .text.HAL_SYSTICK_Config
                0x0800406e       0x1a ./Drivers/STM32F0xx_HAL_Driver/Src/stm32f0xx_hal_cortex.o
                0x0800406e                HAL_SYSTICK_Config
 .text.HAL_GPIO_Init
                0x08004088      0x2f0 ./Drivers/STM32F0xx_HAL_Driver/Src/stm32f0xx_hal_gpio.o
                0x08004088                HAL_GPIO_Init
 .text.HAL_GPIO_WritePin
                0x08004378       0x3a ./Drivers/STM32F0xx_HAL_Driver/Src/stm32f0xx_hal_gpio.o
                0x08004378                HAL_GPIO_WritePin
 *fill*         0x080043b2        0x2 
 .text.HAL_RCC_OscConfig
                0x080043b4      0x70c ./Drivers/STM32F0xx_HAL_Driver/Src/stm32f0xx_hal_rcc.o
                0x080043b4                HAL_RCC_OscConfig
 .text.HAL_RCC_ClockConfig
                0x08004ac0      0x1b4 ./Drivers/STM32F0xx_HAL_Driver/Src/stm32f0xx_hal_rcc.o
                0x08004ac0                HAL_RCC_ClockConfig
 .text.HAL_RCC_GetSysClockFreq
                0x08004c74       0xe4 ./Drivers/STM32F0xx_HAL_Driver/Src/stm32f0xx_hal_rcc.o
                0x08004c74                HAL_RCC_GetSysClockFreq
 .text.HAL_RCC_GetHCLKFreq
                0x08004d58       0x14 ./Drivers/STM32F0xx_HAL_Driver/Src/stm32f0xx_hal_rcc.o
                0x08004d58                HAL_RCC_GetHCLKFreq
 .text.HAL_RCC_GetPCLK1Freq
                0x08004d6c       0x2c ./Drivers/STM32F0xx_HAL_Driver/Src/stm32f0xx_hal_rcc.o
                0x08004d6c                HAL_RCC_GetPCLK1Freq
 .text.HAL_RCCEx_PeriphCLKConfig
                0x08004d98      0x200 ./Drivers/STM32F0xx_HAL_Driver/Src/stm32f0xx_hal_rcc_ex.o
                0x08004d98                HAL_RCCEx_PeriphCLKConfig
 .text.HAL_SPI_Init
                0x08004f98      0x170 ./Drivers/STM32F0xx_HAL_Driver/Src/stm32f0xx_hal_spi.o
                0x08004f98                HAL_SPI_Init
 .text.HAL_SPI_TransmitReceive
                0x08005108      0x3c4 ./Drivers/STM32F0xx_HAL_Driver/Src/stm32f0xx_hal_spi.o
                0x08005108                HAL_SPI_TransmitReceive
 .text.SPI_WaitFlagStateUntilTimeout
                0x080054cc      0x11c ./Drivers/STM32F0xx_HAL_Driver/Src/stm32f0xx_hal_spi.o
 .text.SPI_WaitFifoStateUntilTimeout
                0x080055e8      0x144 ./Drivers/STM32F0xx_HAL_Driver/Src/stm32f0xx_hal_spi.o
 .text.SPI_EndRxTxTransaction
                0x0800572c       0x8c ./Drivers/STM32F0xx_HAL_Driver/Src/stm32f0xx_hal_spi.o
 .text.HAL_TIM_Base_Init
                0x080057b8       0xa0 ./Drivers/STM32F0xx_HAL_Driver/Src/stm32f0xx_hal_tim.o
                0x080057b8                HAL_TIM_Base_Init
 .text.HAL_TIM_ConfigClockSource
                0x08005858      0x1a8 ./Drivers/STM32F0xx_HAL_Driver/Src/stm32f0xx_hal_tim.o
                0x08005858                HAL_TIM_ConfigClockSource
 .text.TIM_Base_SetConfig
                0x08005a00      0x11c ./Drivers/STM32F0xx_HAL_Driver/Src/stm32f0xx_hal_tim.o
                0x08005a00                TIM_Base_SetConfig
 .text.TIM_TI1_ConfigInputStage
                0x08005b1c       0x5c ./Drivers/STM32F0xx_HAL_Driver/Src/stm32f0xx_hal_tim.o
 .text.TIM_TI2_ConfigInputStage
                0x08005b78       0x64 ./Drivers/STM32F0xx_HAL_Driver/Src/stm32f0xx_hal_tim.o
 .text.TIM_ITRx_SetConfig
                0x08005bdc       0x32 ./Drivers/STM32F0xx_HAL_Driver/Src/stm32f0xx_hal_tim.o
 *fill*         0x08005c0e        0x2 
 .text.TIM_ETR_SetConfig
                0x08005c10       0x40 ./Drivers/STM32F0xx_HAL_Driver/Src/stm32f0xx_hal_tim.o
                0x08005c10                TIM_ETR_SetConfig
 .text.HAL_TIMEx_MasterConfigSynchronization
                0x08005c50       0xbc ./Drivers/STM32F0xx_HAL_Driver/Src/stm32f0xx_hal_tim_ex.o
                0x08005c50                HAL_TIMEx_MasterConfigSynchronization
 .text.HAL_UART_Init
                0x08005d0c       0xa8 ./Drivers/STM32F0xx_HAL_Driver/Src/stm32f0xx_hal_uart.o
                0x08005d0c                HAL_UART_Init
 .text.HAL_UART_Transmit
                0x08005db4      0x13e ./Drivers/STM32F0xx_HAL_Driver/Src/stm32f0xx_hal_uart.o
                0x08005db4                HAL_UART_Transmit
 *fill*         0x08005ef2        0x2 
 .text.UART_SetConfig
                0x08005ef4      0x3d0 ./Drivers/STM32F0xx_HAL_Driver/Src/stm32f0xx_hal_uart.o
                0x08005ef4                UART_SetConfig
 .text.UART_AdvFeatureConfig
                0x080062c4      0x168 ./Drivers/STM32F0xx_HAL_Driver/Src/stm32f0xx_hal_uart.o
                0x080062c4                UART_AdvFeatureConfig
 .text.UART_CheckIdleState
                0x0800642c      0x150 ./Drivers/STM32F0xx_HAL_Driver/Src/stm32f0xx_hal_uart.o
                0x0800642c                UART_CheckIdleState
 .text.UART_WaitOnFlagUntilTimeout
                0x0800657c       0xde ./Drivers/STM32F0xx_HAL_Driver/Src/stm32f0xx_hal_uart.o
                0x0800657c                UART_WaitOnFlagUntilTimeout
 *fill*         0x0800665a        0x2 
 .text.UART_EndRxTransfer
                0x0800665c       0xc8 ./Drivers/STM32F0xx_HAL_Driver/Src/stm32f0xx_hal_uart.o
 .text.malloc   0x08006724       0x14 C:/ST/STM32CubeIDE_1.19.0/STM32CubeIDE/plugins/com.st.stm32cube.ide.mcu.externaltools.gnu-tools-for-stm32.13.3.rel1.win32_1.0.0.202411081344/tools/bin/../lib/gcc/arm-none-eabi/13.3.1/../../../../arm-none-eabi/lib/thumb/v6-m/nofp\libc_nano.a(libc_a-malloc.o)
                0x08006724                malloc
 .text.free     0x08006738       0x14 C:/ST/STM32CubeIDE_1.19.0/STM32CubeIDE/plugins/com.st.stm32cube.ide.mcu.externaltools.gnu-tools-for-stm32.13.3.rel1.win32_1.0.0.202411081344/tools/bin/../lib/gcc/arm-none-eabi/13.3.1/../../../../arm-none-eabi/lib/thumb/v6-m/nofp\libc_nano.a(libc_a-malloc.o)
                0x08006738                free
 .text.sbrk_aligned
                0x0800674c       0x44 C:/ST/STM32CubeIDE_1.19.0/STM32CubeIDE/plugins/com.st.stm32cube.ide.mcu.externaltools.gnu-tools-for-stm32.13.3.rel1.win32_1.0.0.202411081344/tools/bin/../lib/gcc/arm-none-eabi/13.3.1/../../../../arm-none-eabi/lib/thumb/v6-m/nofp\libc_nano.a(libc_a-mallocr.o)
 .text._malloc_r
                0x08006790      0x100 C:/ST/STM32CubeIDE_1.19.0/STM32CubeIDE/plugins/com.st.stm32cube.ide.mcu.externaltools.gnu-tools-for-stm32.13.3.rel1.win32_1.0.0.202411081344/tools/bin/../lib/gcc/arm-none-eabi/13.3.1/../../../../arm-none-eabi/lib/thumb/v6-m/nofp\libc_nano.a(libc_a-mallocr.o)
                0x08006790                _malloc_r
 .text.__malloc_lock
                0x08006890       0x10 C:/ST/STM32CubeIDE_1.19.0/STM32CubeIDE/plugins/com.st.stm32cube.ide.mcu.externaltools.gnu-tools-for-stm32.13.3.rel1.win32_1.0.0.202411081344/tools/bin/../lib/gcc/arm-none-eabi/13.3.1/../../../../arm-none-eabi/lib/thumb/v6-m/nofp\libc_nano.a(libc_a-mlock.o)
                0x08006890                __malloc_lock
 .text.__malloc_unlock
                0x080068a0       0x10 C:/ST/STM32CubeIDE_1.19.0/STM32CubeIDE/plugins/com.st.stm32cube.ide.mcu.externaltools.gnu-tools-for-stm32.13.3.rel1.win32_1.0.0.202411081344/tools/bin/../lib/gcc/arm-none-eabi/13.3.1/../../../../arm-none-eabi/lib/thumb/v6-m/nofp\libc_nano.a(libc_a-mlock.o)
                0x080068a0                __malloc_unlock
 .text.std      0x080068b0       0x6c C:/ST/STM32CubeIDE_1.19.0/STM32CubeIDE/plugins/com.st.stm32cube.ide.mcu.externaltools.gnu-tools-for-stm32.13.3.rel1.win32_1.0.0.202411081344/tools/bin/../lib/gcc/arm-none-eabi/13.3.1/../../../../arm-none-eabi/lib/thumb/v6-m/nofp\libc_nano.a(libc_a-findfp.o)
 .text.stdio_exit_handler
                0x0800691c       0x1c C:/ST/STM32CubeIDE_1.19.0/STM32CubeIDE/plugins/com.st.stm32cube.ide.mcu.externaltools.gnu-tools-for-stm32.13.3.rel1.win32_1.0.0.202411081344/tools/bin/../lib/gcc/arm-none-eabi/13.3.1/../../../../arm-none-eabi/lib/thumb/v6-m/nofp\libc_nano.a(libc_a-findfp.o)
 .text.cleanup_stdio
                0x08006938       0x3c C:/ST/STM32CubeIDE_1.19.0/STM32CubeIDE/plugins/com.st.stm32cube.ide.mcu.externaltools.gnu-tools-for-stm32.13.3.rel1.win32_1.0.0.202411081344/tools/bin/../lib/gcc/arm-none-eabi/13.3.1/../../../../arm-none-eabi/lib/thumb/v6-m/nofp\libc_nano.a(libc_a-findfp.o)
 .text.global_stdio_init.part.0
                0x08006974       0x3c C:/ST/STM32CubeIDE_1.19.0/STM32CubeIDE/plugins/com.st.stm32cube.ide.mcu.externaltools.gnu-tools-for-stm32.13.3.rel1.win32_1.0.0.202411081344/tools/bin/../lib/gcc/arm-none-eabi/13.3.1/../../../../arm-none-eabi/lib/thumb/v6-m/nofp\libc_nano.a(libc_a-findfp.o)
 .text.__sfp_lock_acquire
                0x080069b0       0x10 C:/ST/STM32CubeIDE_1.19.0/STM32CubeIDE/plugins/com.st.stm32cube.ide.mcu.externaltools.gnu-tools-for-stm32.13.3.rel1.win32_1.0.0.202411081344/tools/bin/../lib/gcc/arm-none-eabi/13.3.1/../../../../arm-none-eabi/lib/thumb/v6-m/nofp\libc_nano.a(libc_a-findfp.o)
                0x080069b0                __sfp_lock_acquire
 .text.__sfp_lock_release
                0x080069c0       0x10 C:/ST/STM32CubeIDE_1.19.0/STM32CubeIDE/plugins/com.st.stm32cube.ide.mcu.externaltools.gnu-tools-for-stm32.13.3.rel1.win32_1.0.0.202411081344/tools/bin/../lib/gcc/arm-none-eabi/13.3.1/../../../../arm-none-eabi/lib/thumb/v6-m/nofp\libc_nano.a(libc_a-findfp.o)
                0x080069c0                __sfp_lock_release
 .text.__sinit  0x080069d0       0x30 C:/ST/STM32CubeIDE_1.19.0/STM32CubeIDE/plugins/com.st.stm32cube.ide.mcu.externaltools.gnu-tools-for-stm32.13.3.rel1.win32_1.0.0.202411081344/tools/bin/../lib/gcc/arm-none-eabi/13.3.1/../../../../arm-none-eabi/lib/thumb/v6-m/nofp\libc_nano.a(libc_a-findfp.o)
                0x080069d0                __sinit
 .text._fwalk_sglue
                0x08006a00       0x38 C:/ST/STM32CubeIDE_1.19.0/STM32CubeIDE/plugins/com.st.stm32cube.ide.mcu.externaltools.gnu-tools-for-stm32.13.3.rel1.win32_1.0.0.202411081344/tools/bin/../lib/gcc/arm-none-eabi/13.3.1/../../../../arm-none-eabi/lib/thumb/v6-m/nofp\libc_nano.a(libc_a-fwalk.o)
                0x08006a00                _fwalk_sglue
 .text.printf   0x08006a38       0x20 C:/ST/STM32CubeIDE_1.19.0/STM32CubeIDE/plugins/com.st.stm32cube.ide.mcu.externaltools.gnu-tools-for-stm32.13.3.rel1.win32_1.0.0.202411081344/tools/bin/../lib/gcc/arm-none-eabi/13.3.1/../../../../arm-none-eabi/lib/thumb/v6-m/nofp\libc_nano.a(libc_a-printf.o)
                0x08006a38                iprintf
                0x08006a38                printf
 .text.putchar  0x08006a58       0x14 C:/ST/STM32CubeIDE_1.19.0/STM32CubeIDE/plugins/com.st.stm32cube.ide.mcu.externaltools.gnu-tools-for-stm32.13.3.rel1.win32_1.0.0.202411081344/tools/bin/../lib/gcc/arm-none-eabi/13.3.1/../../../../arm-none-eabi/lib/thumb/v6-m/nofp\libc_nano.a(libc_a-putchar.o)
                0x08006a58                putchar
 .text._puts_r  0x08006a6c       0xac C:/ST/STM32CubeIDE_1.19.0/STM32CubeIDE/plugins/com.st.stm32cube.ide.mcu.externaltools.gnu-tools-for-stm32.13.3.rel1.win32_1.0.0.202411081344/tools/bin/../lib/gcc/arm-none-eabi/13.3.1/../../../../arm-none-eabi/lib/thumb/v6-m/nofp\libc_nano.a(libc_a-puts.o)
                0x08006a6c                _puts_r
 .text.puts     0x08006b18       0x14 C:/ST/STM32CubeIDE_1.19.0/STM32CubeIDE/plugins/com.st.stm32cube.ide.mcu.externaltools.gnu-tools-for-stm32.13.3.rel1.win32_1.0.0.202411081344/tools/bin/../lib/gcc/arm-none-eabi/13.3.1/../../../../arm-none-eabi/lib/thumb/v6-m/nofp\libc_nano.a(libc_a-puts.o)
                0x08006b18                puts
 .text.__sread  0x08006b2c       0x28 C:/ST/STM32CubeIDE_1.19.0/STM32CubeIDE/plugins/com.st.stm32cube.ide.mcu.externaltools.gnu-tools-for-stm32.13.3.rel1.win32_1.0.0.202411081344/tools/bin/../lib/gcc/arm-none-eabi/13.3.1/../../../../arm-none-eabi/lib/thumb/v6-m/nofp\libc_nano.a(libc_a-stdio.o)
                0x08006b2c                __sread
 .text.__swrite
                0x08006b54       0x38 C:/ST/STM32CubeIDE_1.19.0/STM32CubeIDE/plugins/com.st.stm32cube.ide.mcu.externaltools.gnu-tools-for-stm32.13.3.rel1.win32_1.0.0.202411081344/tools/bin/../lib/gcc/arm-none-eabi/13.3.1/../../../../arm-none-eabi/lib/thumb/v6-m/nofp\libc_nano.a(libc_a-stdio.o)
                0x08006b54                __swrite
 .text.__sseek  0x08006b8c       0x2c C:/ST/STM32CubeIDE_1.19.0/STM32CubeIDE/plugins/com.st.stm32cube.ide.mcu.externaltools.gnu-tools-for-stm32.13.3.rel1.win32_1.0.0.202411081344/tools/bin/../lib/gcc/arm-none-eabi/13.3.1/../../../../arm-none-eabi/lib/thumb/v6-m/nofp\libc_nano.a(libc_a-stdio.o)
                0x08006b8c                __sseek
 .text.__sclose
                0x08006bb8        0xc C:/ST/STM32CubeIDE_1.19.0/STM32CubeIDE/plugins/com.st.stm32cube.ide.mcu.externaltools.gnu-tools-for-stm32.13.3.rel1.win32_1.0.0.202411081344/tools/bin/../lib/gcc/arm-none-eabi/13.3.1/../../../../arm-none-eabi/lib/thumb/v6-m/nofp\libc_nano.a(libc_a-stdio.o)
                0x08006bb8                __sclose
 .text.__swbuf_r
                0x08006bc4       0x84 C:/ST/STM32CubeIDE_1.19.0/STM32CubeIDE/plugins/com.st.stm32cube.ide.mcu.externaltools.gnu-tools-for-stm32.13.3.rel1.win32_1.0.0.202411081344/tools/bin/../lib/gcc/arm-none-eabi/13.3.1/../../../../arm-none-eabi/lib/thumb/v6-m/nofp\libc_nano.a(libc_a-wbuf.o)
                0x08006bc4                __swbuf_r
 .text.__swsetup_r
                0x08006c48       0xbc C:/ST/STM32CubeIDE_1.19.0/STM32CubeIDE/plugins/com.st.stm32cube.ide.mcu.externaltools.gnu-tools-for-stm32.13.3.rel1.win32_1.0.0.202411081344/tools/bin/../lib/gcc/arm-none-eabi/13.3.1/../../../../arm-none-eabi/lib/thumb/v6-m/nofp\libc_nano.a(libc_a-wsetup.o)
                0x08006c48                __swsetup_r
 .text.memset   0x08006d04       0x10 C:/ST/STM32CubeIDE_1.19.0/STM32CubeIDE/plugins/com.st.stm32cube.ide.mcu.externaltools.gnu-tools-for-stm32.13.3.rel1.win32_1.0.0.202411081344/tools/bin/../lib/gcc/arm-none-eabi/13.3.1/../../../../arm-none-eabi/lib/thumb/v6-m/nofp\libc_nano.a(libc_a-memset.o)
                0x08006d04                memset
 .text._close_r
                0x08006d14       0x24 C:/ST/STM32CubeIDE_1.19.0/STM32CubeIDE/plugins/com.st.stm32cube.ide.mcu.externaltools.gnu-tools-for-stm32.13.3.rel1.win32_1.0.0.202411081344/tools/bin/../lib/gcc/arm-none-eabi/13.3.1/../../../../arm-none-eabi/lib/thumb/v6-m/nofp\libc_nano.a(libc_a-closer.o)
                0x08006d14                _close_r
 .text._lseek_r
                0x08006d38       0x28 C:/ST/STM32CubeIDE_1.19.0/STM32CubeIDE/plugins/com.st.stm32cube.ide.mcu.externaltools.gnu-tools-for-stm32.13.3.rel1.win32_1.0.0.202411081344/tools/bin/../lib/gcc/arm-none-eabi/13.3.1/../../../../arm-none-eabi/lib/thumb/v6-m/nofp\libc_nano.a(libc_a-lseekr.o)
                0x08006d38                _lseek_r
 .text._read_r  0x08006d60       0x28 C:/ST/STM32CubeIDE_1.19.0/STM32CubeIDE/plugins/com.st.stm32cube.ide.mcu.externaltools.gnu-tools-for-stm32.13.3.rel1.win32_1.0.0.202411081344/tools/bin/../lib/gcc/arm-none-eabi/13.3.1/../../../../arm-none-eabi/lib/thumb/v6-m/nofp\libc_nano.a(libc_a-readr.o)
                0x08006d60                _read_r
 .text._sbrk_r  0x08006d88       0x24 C:/ST/STM32CubeIDE_1.19.0/STM32CubeIDE/plugins/com.st.stm32cube.ide.mcu.externaltools.gnu-tools-for-stm32.13.3.rel1.win32_1.0.0.202411081344/tools/bin/../lib/gcc/arm-none-eabi/13.3.1/../../../../arm-none-eabi/lib/thumb/v6-m/nofp\libc_nano.a(libc_a-sbrkr.o)
                0x08006d88                _sbrk_r
 .text._write_r
                0x08006dac       0x28 C:/ST/STM32CubeIDE_1.19.0/STM32CubeIDE/plugins/com.st.stm32cube.ide.mcu.externaltools.gnu-tools-for-stm32.13.3.rel1.win32_1.0.0.202411081344/tools/bin/../lib/gcc/arm-none-eabi/13.3.1/../../../../arm-none-eabi/lib/thumb/v6-m/nofp\libc_nano.a(libc_a-writer.o)
                0x08006dac                _write_r
 .text.__errno  0x08006dd4        0xc C:/ST/STM32CubeIDE_1.19.0/STM32CubeIDE/plugins/com.st.stm32cube.ide.mcu.externaltools.gnu-tools-for-stm32.13.3.rel1.win32_1.0.0.202411081344/tools/bin/../lib/gcc/arm-none-eabi/13.3.1/../../../../arm-none-eabi/lib/thumb/v6-m/nofp\libc_nano.a(libc_a-errno.o)
                0x08006dd4                __errno
 .text.__libc_init_array
                0x08006de0       0x48 C:/ST/STM32CubeIDE_1.19.0/STM32CubeIDE/plugins/com.st.stm32cube.ide.mcu.externaltools.gnu-tools-for-stm32.13.3.rel1.win32_1.0.0.202411081344/tools/bin/../lib/gcc/arm-none-eabi/13.3.1/../../../../arm-none-eabi/lib/thumb/v6-m/nofp\libc_nano.a(libc_a-init.o)
                0x08006de0                __libc_init_array
 .text.__retarget_lock_init_recursive
                0x08006e28        0x2 C:/ST/STM32CubeIDE_1.19.0/STM32CubeIDE/plugins/com.st.stm32cube.ide.mcu.externaltools.gnu-tools-for-stm32.13.3.rel1.win32_1.0.0.202411081344/tools/bin/../lib/gcc/arm-none-eabi/13.3.1/../../../../arm-none-eabi/lib/thumb/v6-m/nofp\libc_nano.a(libc_a-lock.o)
                0x08006e28                __retarget_lock_init_recursive
 .text.__retarget_lock_acquire_recursive
                0x08006e2a        0x2 C:/ST/STM32CubeIDE_1.19.0/STM32CubeIDE/plugins/com.st.stm32cube.ide.mcu.externaltools.gnu-tools-for-stm32.13.3.rel1.win32_1.0.0.202411081344/tools/bin/../lib/gcc/arm-none-eabi/13.3.1/../../../../arm-none-eabi/lib/thumb/v6-m/nofp\libc_nano.a(libc_a-lock.o)
                0x08006e2a                __retarget_lock_acquire_recursive
 .text.__retarget_lock_release_recursive
                0x08006e2c        0x2 C:/ST/STM32CubeIDE_1.19.0/STM32CubeIDE/plugins/com.st.stm32cube.ide.mcu.externaltools.gnu-tools-for-stm32.13.3.rel1.win32_1.0.0.202411081344/tools/bin/../lib/gcc/arm-none-eabi/13.3.1/../../../../arm-none-eabi/lib/thumb/v6-m/nofp\libc_nano.a(libc_a-lock.o)
                0x08006e2c                __retarget_lock_release_recursive
 *fill*         0x08006e2e        0x2 
 .text._free_r  0x08006e30       0x94 C:/ST/STM32CubeIDE_1.19.0/STM32CubeIDE/plugins/com.st.stm32cube.ide.mcu.externaltools.gnu-tools-for-stm32.13.3.rel1.win32_1.0.0.202411081344/tools/bin/../lib/gcc/arm-none-eabi/13.3.1/../../../../arm-none-eabi/lib/thumb/v6-m/nofp\libc_nano.a(libc_a-freer.o)
                0x08006e30                _free_r
 .text.__sfputc_r
                0x08006ec4       0x2a C:/ST/STM32CubeIDE_1.19.0/STM32CubeIDE/plugins/com.st.stm32cube.ide.mcu.externaltools.gnu-tools-for-stm32.13.3.rel1.win32_1.0.0.202411081344/tools/bin/../lib/gcc/arm-none-eabi/13.3.1/../../../../arm-none-eabi/lib/thumb/v6-m/nofp\libc_nano.a(libc_a-nano-vfprintf.o)
 .text.__sfputs_r
                0x08006eee       0x24 C:/ST/STM32CubeIDE_1.19.0/STM32CubeIDE/plugins/com.st.stm32cube.ide.mcu.externaltools.gnu-tools-for-stm32.13.3.rel1.win32_1.0.0.202411081344/tools/bin/../lib/gcc/arm-none-eabi/13.3.1/../../../../arm-none-eabi/lib/thumb/v6-m/nofp\libc_nano.a(libc_a-nano-vfprintf.o)
                0x08006eee                __sfputs_r
 *fill*         0x08006f12        0x2 
 .text._vfprintf_r
                0x08006f14      0x238 C:/ST/STM32CubeIDE_1.19.0/STM32CubeIDE/plugins/com.st.stm32cube.ide.mcu.externaltools.gnu-tools-for-stm32.13.3.rel1.win32_1.0.0.202411081344/tools/bin/../lib/gcc/arm-none-eabi/13.3.1/../../../../arm-none-eabi/lib/thumb/v6-m/nofp\libc_nano.a(libc_a-nano-vfprintf.o)
                0x08006f14                _vfprintf_r
                0x08006f14                _vfiprintf_r
 .text._printf_common
                0x0800714c       0xde C:/ST/STM32CubeIDE_1.19.0/STM32CubeIDE/plugins/com.st.stm32cube.ide.mcu.externaltools.gnu-tools-for-stm32.13.3.rel1.win32_1.0.0.202411081344/tools/bin/../lib/gcc/arm-none-eabi/13.3.1/../../../../arm-none-eabi/lib/thumb/v6-m/nofp\libc_nano.a(libc_a-nano-vfprintf_i.o)
                0x0800714c                _printf_common
 *fill*         0x0800722a        0x2 
 .text._printf_i
                0x0800722c      0x218 C:/ST/STM32CubeIDE_1.19.0/STM32CubeIDE/plugins/com.st.stm32cube.ide.mcu.externaltools.gnu-tools-for-stm32.13.3.rel1.win32_1.0.0.202411081344/tools/bin/../lib/gcc/arm-none-eabi/13.3.1/../../../../arm-none-eabi/lib/thumb/v6-m/nofp\libc_nano.a(libc_a-nano-vfprintf_i.o)
                0x0800722c                _printf_i
 .text.__sflush_r
                0x08007444      0x10c C:/ST/STM32CubeIDE_1.19.0/STM32CubeIDE/plugins/com.st.stm32cube.ide.mcu.externaltools.gnu-tools-for-stm32.13.3.rel1.win32_1.0.0.202411081344/tools/bin/../lib/gcc/arm-none-eabi/13.3.1/../../../../arm-none-eabi/lib/thumb/v6-m/nofp\libc_nano.a(libc_a-fflush.o)
                0x08007444                __sflush_r
 .text._fflush_r
                0x08007550       0x56 C:/ST/STM32CubeIDE_1.19.0/STM32CubeIDE/plugins/com.st.stm32cube.ide.mcu.externaltools.gnu-tools-for-stm32.13.3.rel1.win32_1.0.0.202411081344/tools/bin/../lib/gcc/arm-none-eabi/13.3.1/../../../../arm-none-eabi/lib/thumb/v6-m/nofp\libc_nano.a(libc_a-fflush.o)
                0x08007550                _fflush_r
 *fill*         0x080075a6        0x2 
 .text.__swhatbuf_r
                0x080075a8       0x54 C:/ST/STM32CubeIDE_1.19.0/STM32CubeIDE/plugins/com.st.stm32cube.ide.mcu.externaltools.gnu-tools-for-stm32.13.3.rel1.win32_1.0.0.202411081344/tools/bin/../lib/gcc/arm-none-eabi/13.3.1/../../../../arm-none-eabi/lib/thumb/v6-m/nofp\libc_nano.a(libc_a-makebuf.o)
                0x080075a8                __swhatbuf_r
 .text.__smakebuf_r
                0x080075fc       0x82 C:/ST/STM32CubeIDE_1.19.0/STM32CubeIDE/plugins/com.st.stm32cube.ide.mcu.externaltools.gnu-tools-for-stm32.13.3.rel1.win32_1.0.0.202411081344/tools/bin/../lib/gcc/arm-none-eabi/13.3.1/../../../../arm-none-eabi/lib/thumb/v6-m/nofp\libc_nano.a(libc_a-makebuf.o)
                0x080075fc                __smakebuf_r
 .text._putc_r  0x0800767e       0x6c C:/ST/STM32CubeIDE_1.19.0/STM32CubeIDE/plugins/com.st.stm32cube.ide.mcu.externaltools.gnu-tools-for-stm32.13.3.rel1.win32_1.0.0.202411081344/tools/bin/../lib/gcc/arm-none-eabi/13.3.1/../../../../arm-none-eabi/lib/thumb/v6-m/nofp\libc_nano.a(libc_a-putc.o)
                0x0800767e                _putc_r
 *fill*         0x080076ea        0x2 
 .text._fstat_r
                0x080076ec       0x24 C:/ST/STM32CubeIDE_1.19.0/STM32CubeIDE/plugins/com.st.stm32cube.ide.mcu.externaltools.gnu-tools-for-stm32.13.3.rel1.win32_1.0.0.202411081344/tools/bin/../lib/gcc/arm-none-eabi/13.3.1/../../../../arm-none-eabi/lib/thumb/v6-m/nofp\libc_nano.a(libc_a-fstatr.o)
                0x080076ec                _fstat_r
 .text._isatty_r
                0x08007710       0x24 C:/ST/STM32CubeIDE_1.19.0/STM32CubeIDE/plugins/com.st.stm32cube.ide.mcu.externaltools.gnu-tools-for-stm32.13.3.rel1.win32_1.0.0.202411081344/tools/bin/../lib/gcc/arm-none-eabi/13.3.1/../../../../arm-none-eabi/lib/thumb/v6-m/nofp\libc_nano.a(libc_a-isattyr.o)
                0x08007710                _isatty_r
 .text.memchr   0x08007734       0x16 C:/ST/STM32CubeIDE_1.19.0/STM32CubeIDE/plugins/com.st.stm32cube.ide.mcu.externaltools.gnu-tools-for-stm32.13.3.rel1.win32_1.0.0.202411081344/tools/bin/../lib/gcc/arm-none-eabi/13.3.1/../../../../arm-none-eabi/lib/thumb/v6-m/nofp\libc_nano.a(libc_a-memchr-stub.o)
                0x08007734                memchr
 *(.glue_7)
 .glue_7        0x0800774a        0x0 linker stubs
 *(.glue_7t)
 .glue_7t       0x0800774a        0x0 linker stubs
 *(.eh_frame)
 *fill*         0x0800774a        0x2 
 .eh_frame      0x0800774c        0x0 C:/ST/STM32CubeIDE_1.19.0/STM32CubeIDE/plugins/com.st.stm32cube.ide.mcu.externaltools.gnu-tools-for-stm32.13.3.rel1.win32_1.0.0.202411081344/tools/bin/../lib/gcc/arm-none-eabi/13.3.1/thumb/v6-m/nofp/crtbegin.o
 *(.init)
 .init          0x0800774c        0x4 C:/ST/STM32CubeIDE_1.19.0/STM32CubeIDE/plugins/com.st.stm32cube.ide.mcu.externaltools.gnu-tools-for-stm32.13.3.rel1.win32_1.0.0.202411081344/tools/bin/../lib/gcc/arm-none-eabi/13.3.1/thumb/v6-m/nofp/crti.o
                0x0800774c                _init
 .init          0x08007750        0x8 C:/ST/STM32CubeIDE_1.19.0/STM32CubeIDE/plugins/com.st.stm32cube.ide.mcu.externaltools.gnu-tools-for-stm32.13.3.rel1.win32_1.0.0.202411081344/tools/bin/../lib/gcc/arm-none-eabi/13.3.1/thumb/v6-m/nofp/crtn.o
 *(.fini)
 .fini          0x08007758        0x4 C:/ST/STM32CubeIDE_1.19.0/STM32CubeIDE/plugins/com.st.stm32cube.ide.mcu.externaltools.gnu-tools-for-stm32.13.3.rel1.win32_1.0.0.202411081344/tools/bin/../lib/gcc/arm-none-eabi/13.3.1/thumb/v6-m/nofp/crti.o
                0x08007758                _fini
 .fini          0x0800775c        0x8 C:/ST/STM32CubeIDE_1.19.0/STM32CubeIDE/plugins/com.st.stm32cube.ide.mcu.externaltools.gnu-tools-for-stm32.13.3.rel1.win32_1.0.0.202411081344/tools/bin/../lib/gcc/arm-none-eabi/13.3.1/thumb/v6-m/nofp/crtn.o
                0x08007764                        . = ALIGN (0x4)
                0x08007764                        _etext = .

.vfp11_veneer   0x08007764        0x0
 .vfp11_veneer  0x08007764        0x0 linker stubs

.v4_bx          0x08007764        0x0
 .v4_bx         0x08007764        0x0 linker stubs

.iplt           0x08007764        0x0
 .iplt          0x08007764        0x0 C:/ST/STM32CubeIDE_1.19.0/STM32CubeIDE/plugins/com.st.stm32cube.ide.mcu.externaltools.gnu-tools-for-stm32.13.3.rel1.win32_1.0.0.202411081344/tools/bin/../lib/gcc/arm-none-eabi/13.3.1/thumb/v6-m/nofp/crtbegin.o

.rodata         0x08007764      0x3a4
                0x08007764                        . = ALIGN (0x4)
 *(.rodata)
 .rodata        0x08007764      0x122 ./Core/Src/main.o
 *(.rodata*)
 *fill*         0x08007886        0x2 
 .rodata.crc15Table
                0x08007888      0x200 ./Core/Src/LTC681x_HAL.o
                0x08007888                crc15Table
 .rodata.LTC681x_check_pec
                0x08007a88       0x14 ./Core/Src/LTC681x_HAL.o
 .rodata.AHBPrescTable
                0x08007a9c       0x10 ./Core/Src/system_stm32f0xx.o
                0x08007a9c                AHBPrescTable
 .rodata.APBPrescTable
                0x08007aac        0x8 ./Core/Src/system_stm32f0xx.o
                0x08007aac                APBPrescTable
 .rodata.aPLLMULFactorTable.1
                0x08007ab4       0x10 ./Drivers/STM32F0xx_HAL_Driver/Src/stm32f0xx_hal_rcc.o
 .rodata.aPredivFactorTable.0
                0x08007ac4       0x10 ./Drivers/STM32F0xx_HAL_Driver/Src/stm32f0xx_hal_rcc.o
 .rodata._vfprintf_r.str1.1
                0x08007ad4       0x33 C:/ST/STM32CubeIDE_1.19.0/STM32CubeIDE/plugins/com.st.stm32cube.ide.mcu.externaltools.gnu-tools-for-stm32.13.3.rel1.win32_1.0.0.202411081344/tools/bin/../lib/gcc/arm-none-eabi/13.3.1/../../../../arm-none-eabi/lib/thumb/v6-m/nofp\libc_nano.a(libc_a-nano-vfprintf.o)
                                 0x11 (size before relaxing)
 .rodata._printf_i.str1.1
                0x08007b07       0x22 C:/ST/STM32CubeIDE_1.19.0/STM32CubeIDE/plugins/com.st.stm32cube.ide.mcu.externaltools.gnu-tools-for-stm32.13.3.rel1.win32_1.0.0.202411081344/tools/bin/../lib/gcc/arm-none-eabi/13.3.1/../../../../arm-none-eabi/lib/thumb/v6-m/nofp\libc_nano.a(libc_a-nano-vfprintf_i.o)
                0x08007b2c                        . = ALIGN (0x4)
 *fill*         0x08007b07        0x1 

.ARM.extab      0x08007b08        0x0
                0x08007b08                        . = ALIGN (0x4)
 *(.ARM.extab* .gnu.linkonce.armextab.*)
                0x08007b08                        . = ALIGN (0x4)

.ARM            0x08007b08        0x0
                0x08007b08                        . = ALIGN (0x4)
                0x08007b08                        __exidx_start = .
 *(.ARM.exidx*)
                0x08007b08                        __exidx_end = .
                0x08007b08                        . = ALIGN (0x4)

.preinit_array  0x08007b08        0x0
                0x08007b08                        . = ALIGN (0x4)
                0x08007b08                        PROVIDE (__preinit_array_start = .)
 *(.preinit_array*)
                0x08007b08                        PROVIDE (__preinit_array_end = .)
                0x08007b08                        . = ALIGN (0x4)

.init_array     0x08007b08        0x4
                0x08007b08                        . = ALIGN (0x4)
                0x08007b08                        PROVIDE (__init_array_start = .)
 *(SORT_BY_NAME(.init_array.*))
 *(.init_array*)
 .init_array    0x08007b08        0x4 C:/ST/STM32CubeIDE_1.19.0/STM32CubeIDE/plugins/com.st.stm32cube.ide.mcu.externaltools.gnu-tools-for-stm32.13.3.rel1.win32_1.0.0.202411081344/tools/bin/../lib/gcc/arm-none-eabi/13.3.1/thumb/v6-m/nofp/crtbegin.o
                0x08007b0c                        PROVIDE (__init_array_end = .)
                0x08007b0c                        . = ALIGN (0x4)

.fini_array     0x08007b0c        0x4
                0x08007b0c                        . = ALIGN (0x4)
                [!provide]                        PROVIDE (__fini_array_start = .)
 *(SORT_BY_NAME(.fini_array.*))
 *(.fini_array*)
 .fini_array    0x08007b0c        0x4 C:/ST/STM32CubeIDE_1.19.0/STM32CubeIDE/plugins/com.st.stm32cube.ide.mcu.externaltools.gnu-tools-for-stm32.13.3.rel1.win32_1.0.0.202411081344/tools/bin/../lib/gcc/arm-none-eabi/13.3.1/thumb/v6-m/nofp/crtbegin.o
                [!provide]                        PROVIDE (__fini_array_end = .)
                0x08007b10                        . = ALIGN (0x4)
                0x08007b10                        _sidata = LOADADDR (.data)

.rel.dyn        0x08007b10        0x0
 .rel.iplt      0x08007b10        0x0 C:/ST/STM32CubeIDE_1.19.0/STM32CubeIDE/plugins/com.st.stm32cube.ide.mcu.externaltools.gnu-tools-for-stm32.13.3.rel1.win32_1.0.0.202411081344/tools/bin/../lib/gcc/arm-none-eabi/13.3.1/thumb/v6-m/nofp/crtbegin.o

.data           0x20000000       0x7c load address 0x08007b10
                0x20000000                        . = ALIGN (0x4)
                0x20000000                        _sdata = .
 *(.data)
 *(.data*)
 .data.REFON    0x20000000        0x1 ./Core/Src/main.o
                0x20000000                REFON
 *fill*         0x20000001        0x3 
 .data.GPIOBITS_A
                0x20000004        0x5 ./Core/Src/main.o
                0x20000004                GPIOBITS_A
 *fill*         0x20000009        0x1 
 .data.UV       0x2000000a        0x2 ./Core/Src/main.o
                0x2000000a                UV
 .data.OV       0x2000000c        0x2 ./Core/Src/main.o
                0x2000000c                OV
 *fill*         0x2000000e        0x2 
 .data.DCTOBITS
                0x20000010        0x4 ./Core/Src/main.o
                0x20000010                DCTOBITS
 .data.SystemCoreClock
                0x20000014        0x4 ./Core/Src/system_stm32f0xx.o
                0x20000014                SystemCoreClock
 .data.uwTickPrio
                0x20000018        0x4 ./Drivers/STM32F0xx_HAL_Driver/Src/stm32f0xx_hal.o
                0x20000018                uwTickPrio
 .data.uwTickFreq
                0x2000001c        0x1 ./Drivers/STM32F0xx_HAL_Driver/Src/stm32f0xx_hal.o
                0x2000001c                uwTickFreq
 *fill*         0x2000001d        0x3 
 .data.__sglue  0x20000020        0xc C:/ST/STM32CubeIDE_1.19.0/STM32CubeIDE/plugins/com.st.stm32cube.ide.mcu.externaltools.gnu-tools-for-stm32.13.3.rel1.win32_1.0.0.202411081344/tools/bin/../lib/gcc/arm-none-eabi/13.3.1/../../../../arm-none-eabi/lib/thumb/v6-m/nofp\libc_nano.a(libc_a-findfp.o)
                0x20000020                __sglue
 .data._impure_ptr
                0x2000002c        0x4 C:/ST/STM32CubeIDE_1.19.0/STM32CubeIDE/plugins/com.st.stm32cube.ide.mcu.externaltools.gnu-tools-for-stm32.13.3.rel1.win32_1.0.0.202411081344/tools/bin/../lib/gcc/arm-none-eabi/13.3.1/../../../../arm-none-eabi/lib/thumb/v6-m/nofp\libc_nano.a(libc_a-impure.o)
                0x2000002c                _impure_ptr
 .data._impure_data
                0x20000030       0x4c C:/ST/STM32CubeIDE_1.19.0/STM32CubeIDE/plugins/com.st.stm32cube.ide.mcu.externaltools.gnu-tools-for-stm32.13.3.rel1.win32_1.0.0.202411081344/tools/bin/../lib/gcc/arm-none-eabi/13.3.1/../../../../arm-none-eabi/lib/thumb/v6-m/nofp\libc_nano.a(libc_a-impure.o)
                0x20000030                _impure_data
 *(.RamFunc)
 *(.RamFunc*)
                0x2000007c                        . = ALIGN (0x4)
                0x2000007c                        _edata = .

.igot.plt       0x2000007c        0x0 load address 0x08007b8c
 .igot.plt      0x2000007c        0x0 C:/ST/STM32CubeIDE_1.19.0/STM32CubeIDE/plugins/com.st.stm32cube.ide.mcu.externaltools.gnu-tools-for-stm32.13.3.rel1.win32_1.0.0.202411081344/tools/bin/../lib/gcc/arm-none-eabi/13.3.1/thumb/v6-m/nofp/crtbegin.o
                0x2000007c                        . = ALIGN (0x4)

.bss            0x2000007c     0x136c load address 0x08007b8c
                0x2000007c                        _sbss = .
                0x2000007c                        __bss_start__ = _sbss
 *(.bss)
 .bss           0x2000007c       0x1c C:/ST/STM32CubeIDE_1.19.0/STM32CubeIDE/plugins/com.st.stm32cube.ide.mcu.externaltools.gnu-tools-for-stm32.13.3.rel1.win32_1.0.0.202411081344/tools/bin/../lib/gcc/arm-none-eabi/13.3.1/thumb/v6-m/nofp/crtbegin.o
 *(.bss*)
 .bss.hadc      0x20000098       0x40 ./Core/Src/main.o
                0x20000098                hadc
 .bss.hcan      0x200000d8       0x28 ./Core/Src/main.o
                0x200000d8                hcan
 .bss.hspi1     0x20000100       0x64 ./Core/Src/main.o
                0x20000100                hspi1
 .bss.htim2     0x20000164       0x48 ./Core/Src/main.o
                0x20000164                htim2
 .bss.huart1    0x200001ac       0x88 ./Core/Src/main.o
                0x200001ac                huart1
 .bss.BMS_IC    0x20000234     0x1050 ./Core/Src/main.o
                0x20000234                BMS_IC
 .bss.ADCOPT    0x20001284        0x1 ./Core/Src/main.o
                0x20001284                ADCOPT
 *fill*         0x20001285        0x3 
 .bss.DCCBITS_A
                0x20001288        0xc ./Core/Src/main.o
                0x20001288                DCCBITS_A
 .bss.__sbrk_heap_end
                0x20001294        0x4 ./Core/Src/sysmem.o
 .bss.uwTick    0x20001298        0x4 ./Drivers/STM32F0xx_HAL_Driver/Src/stm32f0xx_hal.o
                0x20001298                uwTick
 .bss.__malloc_sbrk_start
                0x2000129c        0x4 C:/ST/STM32CubeIDE_1.19.0/STM32CubeIDE/plugins/com.st.stm32cube.ide.mcu.externaltools.gnu-tools-for-stm32.13.3.rel1.win32_1.0.0.202411081344/tools/bin/../lib/gcc/arm-none-eabi/13.3.1/../../../../arm-none-eabi/lib/thumb/v6-m/nofp\libc_nano.a(libc_a-mallocr.o)
                0x2000129c                __malloc_sbrk_start
 .bss.__malloc_free_list
                0x200012a0        0x4 C:/ST/STM32CubeIDE_1.19.0/STM32CubeIDE/plugins/com.st.stm32cube.ide.mcu.externaltools.gnu-tools-for-stm32.13.3.rel1.win32_1.0.0.202411081344/tools/bin/../lib/gcc/arm-none-eabi/13.3.1/../../../../arm-none-eabi/lib/thumb/v6-m/nofp\libc_nano.a(libc_a-mallocr.o)
                0x200012a0                __malloc_free_list
 .bss.__sf      0x200012a4      0x138 C:/ST/STM32CubeIDE_1.19.0/STM32CubeIDE/plugins/com.st.stm32cube.ide.mcu.externaltools.gnu-tools-for-stm32.13.3.rel1.win32_1.0.0.202411081344/tools/bin/../lib/gcc/arm-none-eabi/13.3.1/../../../../arm-none-eabi/lib/thumb/v6-m/nofp\libc_nano.a(libc_a-findfp.o)
                0x200012a4                __sf
 .bss.__stdio_exit_handler
                0x200013dc        0x4 C:/ST/STM32CubeIDE_1.19.0/STM32CubeIDE/plugins/com.st.stm32cube.ide.mcu.externaltools.gnu-tools-for-stm32.13.3.rel1.win32_1.0.0.202411081344/tools/bin/../lib/gcc/arm-none-eabi/13.3.1/../../../../arm-none-eabi/lib/thumb/v6-m/nofp\libc_nano.a(libc_a-findfp.o)
                0x200013dc                __stdio_exit_handler
 .bss.errno     0x200013e0        0x4 C:/ST/STM32CubeIDE_1.19.0/STM32CubeIDE/plugins/com.st.stm32cube.ide.mcu.externaltools.gnu-tools-for-stm32.13.3.rel1.win32_1.0.0.202411081344/tools/bin/../lib/gcc/arm-none-eabi/13.3.1/../../../../arm-none-eabi/lib/thumb/v6-m/nofp\libc_nano.a(libc_a-reent.o)
                0x200013e0                errno
 .bss.__lock___malloc_recursive_mutex
                0x200013e4        0x1 C:/ST/STM32CubeIDE_1.19.0/STM32CubeIDE/plugins/com.st.stm32cube.ide.mcu.externaltools.gnu-tools-for-stm32.13.3.rel1.win32_1.0.0.202411081344/tools/bin/../lib/gcc/arm-none-eabi/13.3.1/../../../../arm-none-eabi/lib/thumb/v6-m/nofp\libc_nano.a(libc_a-lock.o)
                0x200013e4                __lock___malloc_recursive_mutex
 .bss.__lock___sfp_recursive_mutex
                0x200013e5        0x1 C:/ST/STM32CubeIDE_1.19.0/STM32CubeIDE/plugins/com.st.stm32cube.ide.mcu.externaltools.gnu-tools-for-stm32.13.3.rel1.win32_1.0.0.202411081344/tools/bin/../lib/gcc/arm-none-eabi/13.3.1/../../../../arm-none-eabi/lib/thumb/v6-m/nofp\libc_nano.a(libc_a-lock.o)
                0x200013e5                __lock___sfp_recursive_mutex
 *(COMMON)
                0x200013e8                        . = ALIGN (0x4)
 *fill*         0x200013e6        0x2 
                0x200013e8                        _ebss = .
                0x200013e8                        __bss_end__ = _ebss

._user_heap_stack
                0x200013e8      0x600 load address 0x08007b8c
                0x200013e8                        . = ALIGN (0x8)
                [!provide]                        PROVIDE (end = .)
                0x200013e8                        PROVIDE (_end = .)
                0x200015e8                        . = (. + _Min_Heap_Size)
 *fill*         0x200013e8      0x200 
                0x200019e8                        . = (. + _Min_Stack_Size)
 *fill*         0x200015e8      0x400 
                0x200019e8                        . = ALIGN (0x8)

/DISCARD/
 libc.a(*)
 libm.a(*)
 libgcc.a(*)

.ARM.attributes
                0x00000000       0x28
 *(.ARM.attributes)
 .ARM.attributes
                0x00000000       0x1e C:/ST/STM32CubeIDE_1.19.0/STM32CubeIDE/plugins/com.st.stm32cube.ide.mcu.externaltools.gnu-tools-for-stm32.13.3.rel1.win32_1.0.0.202411081344/tools/bin/../lib/gcc/arm-none-eabi/13.3.1/thumb/v6-m/nofp/crti.o
 .ARM.attributes
                0x0000001e       0x2c C:/ST/STM32CubeIDE_1.19.0/STM32CubeIDE/plugins/com.st.stm32cube.ide.mcu.externaltools.gnu-tools-for-stm32.13.3.rel1.win32_1.0.0.202411081344/tools/bin/../lib/gcc/arm-none-eabi/13.3.1/thumb/v6-m/nofp/crtbegin.o
 .ARM.attributes
                0x0000004a       0x2c ./Core/Src/LTC6813_HAL.o
 .ARM.attributes
                0x00000076       0x2c ./Core/Src/LTC681x_HAL.o
 .ARM.attributes
                0x000000a2       0x2c ./Core/Src/LT_HAL_SPI.o
 .ARM.attributes
                0x000000ce       0x2c ./Core/Src/main.o
 .ARM.attributes
                0x000000fa       0x2c ./Core/Src/stm32f0xx_hal_msp.o
 .ARM.attributes
                0x00000126       0x2c ./Core/Src/stm32f0xx_it.o
 .ARM.attributes
                0x00000152       0x2c ./Core/Src/syscalls.o
 .ARM.attributes
                0x0000017e       0x2c ./Core/Src/sysmem.o
 .ARM.attributes
                0x000001aa       0x2c ./Core/Src/system_stm32f0xx.o
 .ARM.attributes
                0x000001d6       0x21 ./Core/Startup/startup_stm32f091rctx.o
 .ARM.attributes
                0x000001f7       0x2c ./Drivers/STM32F0xx_HAL_Driver/Src/stm32f0xx_hal.o
 .ARM.attributes
                0x00000223       0x2c ./Drivers/STM32F0xx_HAL_Driver/Src/stm32f0xx_hal_adc.o
 .ARM.attributes
                0x0000024f       0x2c ./Drivers/STM32F0xx_HAL_Driver/Src/stm32f0xx_hal_can.o
 .ARM.attributes
                0x0000027b       0x2c ./Drivers/STM32F0xx_HAL_Driver/Src/stm32f0xx_hal_cortex.o
 .ARM.attributes
                0x000002a7       0x2c ./Drivers/STM32F0xx_HAL_Driver/Src/stm32f0xx_hal_gpio.o
 .ARM.attributes
                0x000002d3       0x2c ./Drivers/STM32F0xx_HAL_Driver/Src/stm32f0xx_hal_rcc.o
 .ARM.attributes
                0x000002ff       0x2c ./Drivers/STM32F0xx_HAL_Driver/Src/stm32f0xx_hal_rcc_ex.o
 .ARM.attributes
                0x0000032b       0x2c ./Drivers/STM32F0xx_HAL_Driver/Src/stm32f0xx_hal_spi.o
 .ARM.attributes
                0x00000357       0x2c ./Drivers/STM32F0xx_HAL_Driver/Src/stm32f0xx_hal_tim.o
 .ARM.attributes
                0x00000383       0x2c ./Drivers/STM32F0xx_HAL_Driver/Src/stm32f0xx_hal_tim_ex.o
 .ARM.attributes
                0x000003af       0x2c ./Drivers/STM32F0xx_HAL_Driver/Src/stm32f0xx_hal_uart.o
 .ARM.attributes
                0x000003db       0x2c C:/ST/STM32CubeIDE_1.19.0/STM32CubeIDE/plugins/com.st.stm32cube.ide.mcu.externaltools.gnu-tools-for-stm32.13.3.rel1.win32_1.0.0.202411081344/tools/bin/../lib/gcc/arm-none-eabi/13.3.1/../../../../arm-none-eabi/lib/thumb/v6-m/nofp\libc_nano.a(libc_a-malloc.o)
 .ARM.attributes
                0x00000407       0x2c C:/ST/STM32CubeIDE_1.19.0/STM32CubeIDE/plugins/com.st.stm32cube.ide.mcu.externaltools.gnu-tools-for-stm32.13.3.rel1.win32_1.0.0.202411081344/tools/bin/../lib/gcc/arm-none-eabi/13.3.1/../../../../arm-none-eabi/lib/thumb/v6-m/nofp\libc_nano.a(libc_a-mallocr.o)
 .ARM.attributes
                0x00000433       0x2c C:/ST/STM32CubeIDE_1.19.0/STM32CubeIDE/plugins/com.st.stm32cube.ide.mcu.externaltools.gnu-tools-for-stm32.13.3.rel1.win32_1.0.0.202411081344/tools/bin/../lib/gcc/arm-none-eabi/13.3.1/../../../../arm-none-eabi/lib/thumb/v6-m/nofp\libc_nano.a(libc_a-mlock.o)
 .ARM.attributes
                0x0000045f       0x2c C:/ST/STM32CubeIDE_1.19.0/STM32CubeIDE/plugins/com.st.stm32cube.ide.mcu.externaltools.gnu-tools-for-stm32.13.3.rel1.win32_1.0.0.202411081344/tools/bin/../lib/gcc/arm-none-eabi/13.3.1/../../../../arm-none-eabi/lib/thumb/v6-m/nofp\libc_nano.a(libc_a-findfp.o)
 .ARM.attributes
                0x0000048b       0x2c C:/ST/STM32CubeIDE_1.19.0/STM32CubeIDE/plugins/com.st.stm32cube.ide.mcu.externaltools.gnu-tools-for-stm32.13.3.rel1.win32_1.0.0.202411081344/tools/bin/../lib/gcc/arm-none-eabi/13.3.1/../../../../arm-none-eabi/lib/thumb/v6-m/nofp\libc_nano.a(libc_a-fwalk.o)
 .ARM.attributes
                0x000004b7       0x2c C:/ST/STM32CubeIDE_1.19.0/STM32CubeIDE/plugins/com.st.stm32cube.ide.mcu.externaltools.gnu-tools-for-stm32.13.3.rel1.win32_1.0.0.202411081344/tools/bin/../lib/gcc/arm-none-eabi/13.3.1/../../../../arm-none-eabi/lib/thumb/v6-m/nofp\libc_nano.a(libc_a-printf.o)
 .ARM.attributes
                0x000004e3       0x2c C:/ST/STM32CubeIDE_1.19.0/STM32CubeIDE/plugins/com.st.stm32cube.ide.mcu.externaltools.gnu-tools-for-stm32.13.3.rel1.win32_1.0.0.202411081344/tools/bin/../lib/gcc/arm-none-eabi/13.3.1/../../../../arm-none-eabi/lib/thumb/v6-m/nofp\libc_nano.a(libc_a-putchar.o)
 .ARM.attributes
                0x0000050f       0x2c C:/ST/STM32CubeIDE_1.19.0/STM32CubeIDE/plugins/com.st.stm32cube.ide.mcu.externaltools.gnu-tools-for-stm32.13.3.rel1.win32_1.0.0.202411081344/tools/bin/../lib/gcc/arm-none-eabi/13.3.1/../../../../arm-none-eabi/lib/thumb/v6-m/nofp\libc_nano.a(libc_a-puts.o)
 .ARM.attributes
                0x0000053b       0x2c C:/ST/STM32CubeIDE_1.19.0/STM32CubeIDE/plugins/com.st.stm32cube.ide.mcu.externaltools.gnu-tools-for-stm32.13.3.rel1.win32_1.0.0.202411081344/tools/bin/../lib/gcc/arm-none-eabi/13.3.1/../../../../arm-none-eabi/lib/thumb/v6-m/nofp\libc_nano.a(libc_a-stdio.o)
 .ARM.attributes
                0x00000567       0x2c C:/ST/STM32CubeIDE_1.19.0/STM32CubeIDE/plugins/com.st.stm32cube.ide.mcu.externaltools.gnu-tools-for-stm32.13.3.rel1.win32_1.0.0.202411081344/tools/bin/../lib/gcc/arm-none-eabi/13.3.1/../../../../arm-none-eabi/lib/thumb/v6-m/nofp\libc_nano.a(libc_a-wbuf.o)
 .ARM.attributes
                0x00000593       0x2c C:/ST/STM32CubeIDE_1.19.0/STM32CubeIDE/plugins/com.st.stm32cube.ide.mcu.externaltools.gnu-tools-for-stm32.13.3.rel1.win32_1.0.0.202411081344/tools/bin/../lib/gcc/arm-none-eabi/13.3.1/../../../../arm-none-eabi/lib/thumb/v6-m/nofp\libc_nano.a(libc_a-wsetup.o)
 .ARM.attributes
                0x000005bf       0x2c C:/ST/STM32CubeIDE_1.19.0/STM32CubeIDE/plugins/com.st.stm32cube.ide.mcu.externaltools.gnu-tools-for-stm32.13.3.rel1.win32_1.0.0.202411081344/tools/bin/../lib/gcc/arm-none-eabi/13.3.1/../../../../arm-none-eabi/lib/thumb/v6-m/nofp\libc_nano.a(libc_a-memset.o)
 .ARM.attributes
                0x000005eb       0x2c C:/ST/STM32CubeIDE_1.19.0/STM32CubeIDE/plugins/com.st.stm32cube.ide.mcu.externaltools.gnu-tools-for-stm32.13.3.rel1.win32_1.0.0.202411081344/tools/bin/../lib/gcc/arm-none-eabi/13.3.1/../../../../arm-none-eabi/lib/thumb/v6-m/nofp\libc_nano.a(libc_a-closer.o)
 .ARM.attributes
                0x00000617       0x2c C:/ST/STM32CubeIDE_1.19.0/STM32CubeIDE/plugins/com.st.stm32cube.ide.mcu.externaltools.gnu-tools-for-stm32.13.3.rel1.win32_1.0.0.202411081344/tools/bin/../lib/gcc/arm-none-eabi/13.3.1/../../../../arm-none-eabi/lib/thumb/v6-m/nofp\libc_nano.a(libc_a-reent.o)
 .ARM.attributes
                0x00000643       0x2c C:/ST/STM32CubeIDE_1.19.0/STM32CubeIDE/plugins/com.st.stm32cube.ide.mcu.externaltools.gnu-tools-for-stm32.13.3.rel1.win32_1.0.0.202411081344/tools/bin/../lib/gcc/arm-none-eabi/13.3.1/../../../../arm-none-eabi/lib/thumb/v6-m/nofp\libc_nano.a(libc_a-impure.o)
 .ARM.attributes
                0x0000066f       0x2c C:/ST/STM32CubeIDE_1.19.0/STM32CubeIDE/plugins/com.st.stm32cube.ide.mcu.externaltools.gnu-tools-for-stm32.13.3.rel1.win32_1.0.0.202411081344/tools/bin/../lib/gcc/arm-none-eabi/13.3.1/../../../../arm-none-eabi/lib/thumb/v6-m/nofp\libc_nano.a(libc_a-lseekr.o)
 .ARM.attributes
                0x0000069b       0x2c C:/ST/STM32CubeIDE_1.19.0/STM32CubeIDE/plugins/com.st.stm32cube.ide.mcu.externaltools.gnu-tools-for-stm32.13.3.rel1.win32_1.0.0.202411081344/tools/bin/../lib/gcc/arm-none-eabi/13.3.1/../../../../arm-none-eabi/lib/thumb/v6-m/nofp\libc_nano.a(libc_a-readr.o)
 .ARM.attributes
                0x000006c7       0x2c C:/ST/STM32CubeIDE_1.19.0/STM32CubeIDE/plugins/com.st.stm32cube.ide.mcu.externaltools.gnu-tools-for-stm32.13.3.rel1.win32_1.0.0.202411081344/tools/bin/../lib/gcc/arm-none-eabi/13.3.1/../../../../arm-none-eabi/lib/thumb/v6-m/nofp\libc_nano.a(libc_a-sbrkr.o)
 .ARM.attributes
                0x000006f3       0x2c C:/ST/STM32CubeIDE_1.19.0/STM32CubeIDE/plugins/com.st.stm32cube.ide.mcu.externaltools.gnu-tools-for-stm32.13.3.rel1.win32_1.0.0.202411081344/tools/bin/../lib/gcc/arm-none-eabi/13.3.1/../../../../arm-none-eabi/lib/thumb/v6-m/nofp\libc_nano.a(libc_a-writer.o)
 .ARM.attributes
                0x0000071f       0x2c C:/ST/STM32CubeIDE_1.19.0/STM32CubeIDE/plugins/com.st.stm32cube.ide.mcu.externaltools.gnu-tools-for-stm32.13.3.rel1.win32_1.0.0.202411081344/tools/bin/../lib/gcc/arm-none-eabi/13.3.1/../../../../arm-none-eabi/lib/thumb/v6-m/nofp\libc_nano.a(libc_a-errno.o)
 .ARM.attributes
                0x0000074b       0x2c C:/ST/STM32CubeIDE_1.19.0/STM32CubeIDE/plugins/com.st.stm32cube.ide.mcu.externaltools.gnu-tools-for-stm32.13.3.rel1.win32_1.0.0.202411081344/tools/bin/../lib/gcc/arm-none-eabi/13.3.1/../../../../arm-none-eabi/lib/thumb/v6-m/nofp\libc_nano.a(libc_a-init.o)
 .ARM.attributes
                0x00000777       0x2c C:/ST/STM32CubeIDE_1.19.0/STM32CubeIDE/plugins/com.st.stm32cube.ide.mcu.externaltools.gnu-tools-for-stm32.13.3.rel1.win32_1.0.0.202411081344/tools/bin/../lib/gcc/arm-none-eabi/13.3.1/../../../../arm-none-eabi/lib/thumb/v6-m/nofp\libc_nano.a(libc_a-lock.o)
 .ARM.attributes
                0x000007a3       0x2c C:/ST/STM32CubeIDE_1.19.0/STM32CubeIDE/plugins/com.st.stm32cube.ide.mcu.externaltools.gnu-tools-for-stm32.13.3.rel1.win32_1.0.0.202411081344/tools/bin/../lib/gcc/arm-none-eabi/13.3.1/../../../../arm-none-eabi/lib/thumb/v6-m/nofp\libc_nano.a(libc_a-freer.o)
 .ARM.attributes
                0x000007cf       0x2c C:/ST/STM32CubeIDE_1.19.0/STM32CubeIDE/plugins/com.st.stm32cube.ide.mcu.externaltools.gnu-tools-for-stm32.13.3.rel1.win32_1.0.0.202411081344/tools/bin/../lib/gcc/arm-none-eabi/13.3.1/../../../../arm-none-eabi/lib/thumb/v6-m/nofp\libc_nano.a(libc_a-nano-vfprintf.o)
 .ARM.attributes
                0x000007fb       0x2c C:/ST/STM32CubeIDE_1.19.0/STM32CubeIDE/plugins/com.st.stm32cube.ide.mcu.externaltools.gnu-tools-for-stm32.13.3.rel1.win32_1.0.0.202411081344/tools/bin/../lib/gcc/arm-none-eabi/13.3.1/../../../../arm-none-eabi/lib/thumb/v6-m/nofp\libc_nano.a(libc_a-nano-vfprintf_i.o)
 .ARM.attributes
                0x00000827       0x2c C:/ST/STM32CubeIDE_1.19.0/STM32CubeIDE/plugins/com.st.stm32cube.ide.mcu.externaltools.gnu-tools-for-stm32.13.3.rel1.win32_1.0.0.202411081344/tools/bin/../lib/gcc/arm-none-eabi/13.3.1/../../../../arm-none-eabi/lib/thumb/v6-m/nofp\libc_nano.a(libc_a-fflush.o)
 .ARM.attributes
                0x00000853       0x2c C:/ST/STM32CubeIDE_1.19.0/STM32CubeIDE/plugins/com.st.stm32cube.ide.mcu.externaltools.gnu-tools-for-stm32.13.3.rel1.win32_1.0.0.202411081344/tools/bin/../lib/gcc/arm-none-eabi/13.3.1/../../../../arm-none-eabi/lib/thumb/v6-m/nofp\libc_nano.a(libc_a-makebuf.o)
 .ARM.attributes
                0x0000087f       0x2c C:/ST/STM32CubeIDE_1.19.0/STM32CubeIDE/plugins/com.st.stm32cube.ide.mcu.externaltools.gnu-tools-for-stm32.13.3.rel1.win32_1.0.0.202411081344/tools/bin/../lib/gcc/arm-none-eabi/13.3.1/../../../../arm-none-eabi/lib/thumb/v6-m/nofp\libc_nano.a(libc_a-putc.o)
 .ARM.attributes
                0x000008ab       0x2c C:/ST/STM32CubeIDE_1.19.0/STM32CubeIDE/plugins/com.st.stm32cube.ide.mcu.externaltools.gnu-tools-for-stm32.13.3.rel1.win32_1.0.0.202411081344/tools/bin/../lib/gcc/arm-none-eabi/13.3.1/../../../../arm-none-eabi/lib/thumb/v6-m/nofp\libc_nano.a(libc_a-fstatr.o)
 .ARM.attributes
                0x000008d7       0x2c C:/ST/STM32CubeIDE_1.19.0/STM32CubeIDE/plugins/com.st.stm32cube.ide.mcu.externaltools.gnu-tools-for-stm32.13.3.rel1.win32_1.0.0.202411081344/tools/bin/../lib/gcc/arm-none-eabi/13.3.1/../../../../arm-none-eabi/lib/thumb/v6-m/nofp\libc_nano.a(libc_a-isattyr.o)
 .ARM.attributes
                0x00000903       0x2c C:/ST/STM32CubeIDE_1.19.0/STM32CubeIDE/plugins/com.st.stm32cube.ide.mcu.externaltools.gnu-tools-for-stm32.13.3.rel1.win32_1.0.0.202411081344/tools/bin/../lib/gcc/arm-none-eabi/13.3.1/../../../../arm-none-eabi/lib/thumb/v6-m/nofp\libc_nano.a(libc_a-memchr-stub.o)
 .ARM.attributes
                0x0000092f       0x1e C:/ST/STM32CubeIDE_1.19.0/STM32CubeIDE/plugins/com.st.stm32cube.ide.mcu.externaltools.gnu-tools-for-stm32.13.3.rel1.win32_1.0.0.202411081344/tools/bin/../lib/gcc/arm-none-eabi/13.3.1/thumb/v6-m/nofp\libgcc.a(_thumb1_case_shi.o)
 .ARM.attributes
                0x0000094d       0x1e C:/ST/STM32CubeIDE_1.19.0/STM32CubeIDE/plugins/com.st.stm32cube.ide.mcu.externaltools.gnu-tools-for-stm32.13.3.rel1.win32_1.0.0.202411081344/tools/bin/../lib/gcc/arm-none-eabi/13.3.1/thumb/v6-m/nofp\libgcc.a(_udivsi3.o)
 .ARM.attributes
                0x0000096b       0x1e C:/ST/STM32CubeIDE_1.19.0/STM32CubeIDE/plugins/com.st.stm32cube.ide.mcu.externaltools.gnu-tools-for-stm32.13.3.rel1.win32_1.0.0.202411081344/tools/bin/../lib/gcc/arm-none-eabi/13.3.1/thumb/v6-m/nofp\libgcc.a(_dvmd_tls.o)
 .ARM.attributes
                0x00000989       0x2c C:/ST/STM32CubeIDE_1.19.0/STM32CubeIDE/plugins/com.st.stm32cube.ide.mcu.externaltools.gnu-tools-for-stm32.13.3.rel1.win32_1.0.0.202411081344/tools/bin/../lib/gcc/arm-none-eabi/13.3.1/thumb/v6-m/nofp\libgcc.a(muldf3.o)
 .ARM.attributes
                0x000009b5       0x2c C:/ST/STM32CubeIDE_1.19.0/STM32CubeIDE/plugins/com.st.stm32cube.ide.mcu.externaltools.gnu-tools-for-stm32.13.3.rel1.win32_1.0.0.202411081344/tools/bin/../lib/gcc/arm-none-eabi/13.3.1/thumb/v6-m/nofp\libgcc.a(floatsidf.o)
 .ARM.attributes
                0x000009e1       0x1e C:/ST/STM32CubeIDE_1.19.0/STM32CubeIDE/plugins/com.st.stm32cube.ide.mcu.externaltools.gnu-tools-for-stm32.13.3.rel1.win32_1.0.0.202411081344/tools/bin/../lib/gcc/arm-none-eabi/13.3.1/thumb/v6-m/nofp\libgcc.a(_clzsi2.o)
 .ARM.attributes
                0x000009ff       0x1e C:/ST/STM32CubeIDE_1.19.0/STM32CubeIDE/plugins/com.st.stm32cube.ide.mcu.externaltools.gnu-tools-for-stm32.13.3.rel1.win32_1.0.0.202411081344/tools/bin/../lib/gcc/arm-none-eabi/13.3.1/thumb/v6-m/nofp/crtn.o
OUTPUT(BMS-STM32F091.elf elf32-littlearm)
LOAD linker stubs
LOAD C:/ST/STM32CubeIDE_1.19.0/STM32CubeIDE/plugins/com.st.stm32cube.ide.mcu.externaltools.gnu-tools-for-stm32.13.3.rel1.win32_1.0.0.202411081344/tools/bin/../lib/gcc/arm-none-eabi/13.3.1/../../../../arm-none-eabi/lib/thumb/v6-m/nofp\libc.a
LOAD C:/ST/STM32CubeIDE_1.19.0/STM32CubeIDE/plugins/com.st.stm32cube.ide.mcu.externaltools.gnu-tools-for-stm32.13.3.rel1.win32_1.0.0.202411081344/tools/bin/../lib/gcc/arm-none-eabi/13.3.1/../../../../arm-none-eabi/lib/thumb/v6-m/nofp\libm.a
LOAD C:/ST/STM32CubeIDE_1.19.0/STM32CubeIDE/plugins/com.st.stm32cube.ide.mcu.externaltools.gnu-tools-for-stm32.13.3.rel1.win32_1.0.0.202411081344/tools/bin/../lib/gcc/arm-none-eabi/13.3.1/thumb/v6-m/nofp\libgcc.a

.debug_info     0x00000000    0x155fd
 .debug_info    0x00000000     0x18bb ./Core/Src/LTC6813_HAL.o
 .debug_info    0x000018bb     0x1f7a ./Core/Src/LTC681x_HAL.o
 .debug_info    0x00003835      0xc01 ./Core/Src/LT_HAL_SPI.o
 .debug_info    0x00004436     0x2399 ./Core/Src/main.o
 .debug_info    0x000067cf     0x16c3 ./Core/Src/stm32f0xx_hal_msp.o
 .debug_info    0x00007e92       0xd3 ./Core/Src/stm32f0xx_it.o
 .debug_info    0x00007f65      0x6a3 ./Core/Src/syscalls.o
 .debug_info    0x00008608      0x168 ./Core/Src/sysmem.o
 .debug_info    0x00008770      0x242 ./Core/Src/system_stm32f0xx.o
 .debug_info    0x000089b2       0x30 ./Core/Startup/startup_stm32f091rctx.o
 .debug_info    0x000089e2      0x6c3 ./Drivers/STM32F0xx_HAL_Driver/Src/stm32f0xx_hal.o
 .debug_info    0x000090a5      0xc92 ./Drivers/STM32F0xx_HAL_Driver/Src/stm32f0xx_hal_adc.o
 .debug_info    0x00009d37      0xeb5 ./Drivers/STM32F0xx_HAL_Driver/Src/stm32f0xx_hal_can.o
 .debug_info    0x0000abec      0x6bf ./Drivers/STM32F0xx_HAL_Driver/Src/stm32f0xx_hal_cortex.o
 .debug_info    0x0000b2ab      0x5e6 ./Drivers/STM32F0xx_HAL_Driver/Src/stm32f0xx_hal_gpio.o
 .debug_info    0x0000b891      0x83f ./Drivers/STM32F0xx_HAL_Driver/Src/stm32f0xx_hal_rcc.o
 .debug_info    0x0000c0d0      0x5e7 ./Drivers/STM32F0xx_HAL_Driver/Src/stm32f0xx_hal_rcc_ex.o
 .debug_info    0x0000c6b7     0x1640 ./Drivers/STM32F0xx_HAL_Driver/Src/stm32f0xx_hal_spi.o
 .debug_info    0x0000dcf7     0x297c ./Drivers/STM32F0xx_HAL_Driver/Src/stm32f0xx_hal_tim.o
 .debug_info    0x00010673     0x14be ./Drivers/STM32F0xx_HAL_Driver/Src/stm32f0xx_hal_tim_ex.o
 .debug_info    0x00011b31     0x3acc ./Drivers/STM32F0xx_HAL_Driver/Src/stm32f0xx_hal_uart.o

.debug_abbrev   0x00000000     0x2b00
 .debug_abbrev  0x00000000      0x2d4 ./Core/Src/LTC6813_HAL.o
 .debug_abbrev  0x000002d4      0x2e4 ./Core/Src/LTC681x_HAL.o
 .debug_abbrev  0x000005b8      0x253 ./Core/Src/LT_HAL_SPI.o
 .debug_abbrev  0x0000080b      0x363 ./Core/Src/main.o
 .debug_abbrev  0x00000b6e      0x250 ./Core/Src/stm32f0xx_hal_msp.o
 .debug_abbrev  0x00000dbe       0x73 ./Core/Src/stm32f0xx_it.o
 .debug_abbrev  0x00000e31      0x1b6 ./Core/Src/syscalls.o
 .debug_abbrev  0x00000fe7       0xbc ./Core/Src/sysmem.o
 .debug_abbrev  0x000010a3      0x11c ./Core/Src/system_stm32f0xx.o
 .debug_abbrev  0x000011bf       0x24 ./Core/Startup/startup_stm32f091rctx.o
 .debug_abbrev  0x000011e3      0x213 ./Drivers/STM32F0xx_HAL_Driver/Src/stm32f0xx_hal.o
 .debug_abbrev  0x000013f6      0x259 ./Drivers/STM32F0xx_HAL_Driver/Src/stm32f0xx_hal_adc.o
 .debug_abbrev  0x0000164f      0x1c3 ./Drivers/STM32F0xx_HAL_Driver/Src/stm32f0xx_hal_can.o
 .debug_abbrev  0x00001812      0x28c ./Drivers/STM32F0xx_HAL_Driver/Src/stm32f0xx_hal_cortex.o
 .debug_abbrev  0x00001a9e      0x1da ./Drivers/STM32F0xx_HAL_Driver/Src/stm32f0xx_hal_gpio.o
 .debug_abbrev  0x00001c78      0x28c ./Drivers/STM32F0xx_HAL_Driver/Src/stm32f0xx_hal_rcc.o
 .debug_abbrev  0x00001f04      0x1a7 ./Drivers/STM32F0xx_HAL_Driver/Src/stm32f0xx_hal_rcc_ex.o
 .debug_abbrev  0x000020ab      0x27b ./Drivers/STM32F0xx_HAL_Driver/Src/stm32f0xx_hal_spi.o
 .debug_abbrev  0x00002326      0x278 ./Drivers/STM32F0xx_HAL_Driver/Src/stm32f0xx_hal_tim.o
 .debug_abbrev  0x0000259e      0x283 ./Drivers/STM32F0xx_HAL_Driver/Src/stm32f0xx_hal_tim_ex.o
 .debug_abbrev  0x00002821      0x2df ./Drivers/STM32F0xx_HAL_Driver/Src/stm32f0xx_hal_uart.o

.debug_aranges  0x00000000     0x1510
 .debug_aranges
                0x00000000      0x210 ./Core/Src/LTC6813_HAL.o
 .debug_aranges
                0x00000210      0x200 ./Core/Src/LTC681x_HAL.o
 .debug_aranges
                0x00000410       0x58 ./Core/Src/LT_HAL_SPI.o
 .debug_aranges
                0x00000468       0x98 ./Core/Src/main.o
 .debug_aranges
                0x00000500       0x70 ./Core/Src/stm32f0xx_hal_msp.o
 .debug_aranges
                0x00000570       0x40 ./Core/Src/stm32f0xx_it.o
 .debug_aranges
                0x000005b0       0xa8 ./Core/Src/syscalls.o
 .debug_aranges
                0x00000658       0x20 ./Core/Src/sysmem.o
 .debug_aranges
                0x00000678       0x28 ./Core/Src/system_stm32f0xx.o
 .debug_aranges
                0x000006a0       0x28 ./Core/Startup/startup_stm32f091rctx.o
 .debug_aranges
                0x000006c8       0xd0 ./Drivers/STM32F0xx_HAL_Driver/Src/stm32f0xx_hal.o
 .debug_aranges
                0x00000798       0xf8 ./Drivers/STM32F0xx_HAL_Driver/Src/stm32f0xx_hal_adc.o
 .debug_aranges
                0x00000890      0x138 ./Drivers/STM32F0xx_HAL_Driver/Src/stm32f0xx_hal_can.o
 .debug_aranges
                0x000009c8       0xc0 ./Drivers/STM32F0xx_HAL_Driver/Src/stm32f0xx_hal_cortex.o
 .debug_aranges
                0x00000a88       0x58 ./Drivers/STM32F0xx_HAL_Driver/Src/stm32f0xx_hal_gpio.o
 .debug_aranges
                0x00000ae0       0x80 ./Drivers/STM32F0xx_HAL_Driver/Src/stm32f0xx_hal_rcc.o
 .debug_aranges
                0x00000b60       0x78 ./Drivers/STM32F0xx_HAL_Driver/Src/stm32f0xx_hal_rcc_ex.o
 .debug_aranges
                0x00000bd8      0x1d8 ./Drivers/STM32F0xx_HAL_Driver/Src/stm32f0xx_hal_spi.o
 .debug_aranges
                0x00000db0      0x3d0 ./Drivers/STM32F0xx_HAL_Driver/Src/stm32f0xx_hal_tim.o
 .debug_aranges
                0x00001180      0x168 ./Drivers/STM32F0xx_HAL_Driver/Src/stm32f0xx_hal_tim_ex.o
 .debug_aranges
                0x000012e8      0x228 ./Drivers/STM32F0xx_HAL_Driver/Src/stm32f0xx_hal_uart.o

.debug_rnglists
                0x00000000     0x1089
 .debug_rnglists
                0x00000000      0x190 ./Core/Src/LTC6813_HAL.o
 .debug_rnglists
                0x00000190      0x19f ./Core/Src/LTC681x_HAL.o
 .debug_rnglists
                0x0000032f       0x3e ./Core/Src/LT_HAL_SPI.o
 .debug_rnglists
                0x0000036d       0x76 ./Core/Src/main.o
 .debug_rnglists
                0x000003e3       0x53 ./Core/Src/stm32f0xx_hal_msp.o
 .debug_rnglists
                0x00000436       0x2b ./Core/Src/stm32f0xx_it.o
 .debug_rnglists
                0x00000461       0x79 ./Core/Src/syscalls.o
 .debug_rnglists
                0x000004da       0x13 ./Core/Src/sysmem.o
 .debug_rnglists
                0x000004ed       0x1a ./Core/Src/system_stm32f0xx.o
 .debug_rnglists
                0x00000507       0x19 ./Core/Startup/startup_stm32f091rctx.o
 .debug_rnglists
                0x00000520       0x97 ./Drivers/STM32F0xx_HAL_Driver/Src/stm32f0xx_hal.o
 .debug_rnglists
                0x000005b7       0xc6 ./Drivers/STM32F0xx_HAL_Driver/Src/stm32f0xx_hal_adc.o
 .debug_rnglists
                0x0000067d       0xee ./Drivers/STM32F0xx_HAL_Driver/Src/stm32f0xx_hal_can.o
 .debug_rnglists
                0x0000076b       0x8c ./Drivers/STM32F0xx_HAL_Driver/Src/stm32f0xx_hal_cortex.o
 .debug_rnglists
                0x000007f7       0x3f ./Drivers/STM32F0xx_HAL_Driver/Src/stm32f0xx_hal_gpio.o
 .debug_rnglists
                0x00000836       0x61 ./Drivers/STM32F0xx_HAL_Driver/Src/stm32f0xx_hal_rcc.o
 .debug_rnglists
                0x00000897       0x5b ./Drivers/STM32F0xx_HAL_Driver/Src/stm32f0xx_hal_rcc_ex.o
 .debug_rnglists
                0x000008f2      0x17a ./Drivers/STM32F0xx_HAL_Driver/Src/stm32f0xx_hal_spi.o
 .debug_rnglists
                0x00000a6c      0x31c ./Drivers/STM32F0xx_HAL_Driver/Src/stm32f0xx_hal_tim.o
 .debug_rnglists
                0x00000d88      0x126 ./Drivers/STM32F0xx_HAL_Driver/Src/stm32f0xx_hal_tim_ex.o
 .debug_rnglists
                0x00000eae      0x1db ./Drivers/STM32F0xx_HAL_Driver/Src/stm32f0xx_hal_uart.o

.debug_macro    0x00000000    0x1df18
 .debug_macro   0x00000000      0x164 ./Core/Src/LTC6813_HAL.o
 .debug_macro   0x00000164      0xaae ./Core/Src/LTC6813_HAL.o
 .debug_macro   0x00000c12       0x22 ./Core/Src/LTC6813_HAL.o
 .debug_macro   0x00000c34       0x8e ./Core/Src/LTC6813_HAL.o
 .debug_macro   0x00000cc2       0x51 ./Core/Src/LTC6813_HAL.o
 .debug_macro   0x00000d13      0x103 ./Core/Src/LTC6813_HAL.o
 .debug_macro   0x00000e16       0x6a ./Core/Src/LTC6813_HAL.o
 .debug_macro   0x00000e80      0x1df ./Core/Src/LTC6813_HAL.o
 .debug_macro   0x0000105f       0x22 ./Core/Src/LTC6813_HAL.o
 .debug_macro   0x00001081       0x24 ./Core/Src/LTC6813_HAL.o
 .debug_macro   0x000010a5       0x61 ./Core/Src/LTC6813_HAL.o
 .debug_macro   0x00001106       0x43 ./Core/Src/LTC6813_HAL.o
 .debug_macro   0x00001149       0x34 ./Core/Src/LTC6813_HAL.o
 .debug_macro   0x0000117d       0x16 ./Core/Src/LTC6813_HAL.o
 .debug_macro   0x00001193      0x11c ./Core/Src/LTC6813_HAL.o
 .debug_macro   0x000012af       0x9b ./Core/Src/LTC6813_HAL.o
 .debug_macro   0x0000134a      0x370 ./Core/Src/LTC6813_HAL.o
 .debug_macro   0x000016ba       0x16 ./Core/Src/LTC6813_HAL.o
 .debug_macro   0x000016d0       0x4a ./Core/Src/LTC6813_HAL.o
 .debug_macro   0x0000171a       0x34 ./Core/Src/LTC6813_HAL.o
 .debug_macro   0x0000174e       0x10 ./Core/Src/LTC6813_HAL.o
 .debug_macro   0x0000175e       0x58 ./Core/Src/LTC6813_HAL.o
 .debug_macro   0x000017b6       0x8e ./Core/Src/LTC6813_HAL.o
 .debug_macro   0x00001844       0x1c ./Core/Src/LTC6813_HAL.o
 .debug_macro   0x00001860      0x185 ./Core/Src/LTC6813_HAL.o
 .debug_macro   0x000019e5       0x16 ./Core/Src/LTC6813_HAL.o
 .debug_macro   0x000019fb       0x29 ./Core/Src/LTC6813_HAL.o
 .debug_macro   0x00001a24      0x112 ./Core/Src/LTC6813_HAL.o
 .debug_macro   0x00001b36      0x156 ./Core/Src/LTC681x_HAL.o
 .debug_macro   0x00001c8c      0x2dd ./Core/Src/LT_HAL_SPI.o
 .debug_macro   0x00001f69      0x145 ./Core/Src/LT_HAL_SPI.o
 .debug_macro   0x000020ae       0x2e ./Core/Src/LT_HAL_SPI.o
 .debug_macro   0x000020dc       0x22 ./Core/Src/LT_HAL_SPI.o
 .debug_macro   0x000020fe       0x1c ./Core/Src/LT_HAL_SPI.o
 .debug_macro   0x0000211a       0x22 ./Core/Src/LT_HAL_SPI.o
 .debug_macro   0x0000213c       0xaf ./Core/Src/LT_HAL_SPI.o
 .debug_macro   0x000021eb      0x391 ./Core/Src/LT_HAL_SPI.o
 .debug_macro   0x0000257c    0x10e6b ./Core/Src/LT_HAL_SPI.o
 .debug_macro   0x000133e7       0x66 ./Core/Src/LT_HAL_SPI.o
 .debug_macro   0x0001344d     0x34da ./Core/Src/LT_HAL_SPI.o
 .debug_macro   0x00016927       0x4f ./Core/Src/LT_HAL_SPI.o
 .debug_macro   0x00016976      0x946 ./Core/Src/LT_HAL_SPI.o
 .debug_macro   0x000172bc      0x69b ./Core/Src/LT_HAL_SPI.o
 .debug_macro   0x00017957      0x1ae ./Core/Src/LT_HAL_SPI.o
 .debug_macro   0x00017b05      0x202 ./Core/Src/LT_HAL_SPI.o
 .debug_macro   0x00017d07      0x1a7 ./Core/Src/LT_HAL_SPI.o
 .debug_macro   0x00017eae      0x1bc ./Core/Src/LT_HAL_SPI.o
 .debug_macro   0x0001806a      0x4cf ./Core/Src/LT_HAL_SPI.o
 .debug_macro   0x00018539       0x3c ./Core/Src/LT_HAL_SPI.o
 .debug_macro   0x00018575       0x28 ./Core/Src/LT_HAL_SPI.o
 .debug_macro   0x0001859d      0x33d ./Core/Src/LT_HAL_SPI.o
 .debug_macro   0x000188da       0xd4 ./Core/Src/LT_HAL_SPI.o
 .debug_macro   0x000189ae      0x408 ./Core/Src/LT_HAL_SPI.o
 .debug_macro   0x00018db6       0xb0 ./Core/Src/LT_HAL_SPI.o
 .debug_macro   0x00018e66      0x23f ./Core/Src/LT_HAL_SPI.o
 .debug_macro   0x000190a5      0x22c ./Core/Src/LT_HAL_SPI.o
 .debug_macro   0x000192d1       0x61 ./Core/Src/LT_HAL_SPI.o
 .debug_macro   0x00019332       0xa5 ./Core/Src/LT_HAL_SPI.o
 .debug_macro   0x000193d7       0x4c ./Core/Src/LT_HAL_SPI.o
 .debug_macro   0x00019423      0x16d ./Core/Src/LT_HAL_SPI.o
 .debug_macro   0x00019590      0x2fe ./Core/Src/LT_HAL_SPI.o
 .debug_macro   0x0001988e      0x8f4 ./Core/Src/LT_HAL_SPI.o
 .debug_macro   0x0001a182       0x28 ./Core/Src/LT_HAL_SPI.o
 .debug_macro   0x0001a1aa      0x5ba ./Core/Src/LT_HAL_SPI.o
 .debug_macro   0x0001a764       0x44 ./Core/Src/LT_HAL_SPI.o
 .debug_macro   0x0001a7a8      0x435 ./Core/Src/LT_HAL_SPI.o
 .debug_macro   0x0001abdd      0x381 ./Core/Src/main.o
 .debug_macro   0x0001af5e      0x190 ./Core/Src/main.o
 .debug_macro   0x0001b0ee       0x55 ./Core/Src/main.o
 .debug_macro   0x0001b143       0x1c ./Core/Src/main.o
 .debug_macro   0x0001b15f       0x16 ./Core/Src/main.o
 .debug_macro   0x0001b175       0x3c ./Core/Src/main.o
 .debug_macro   0x0001b1b1       0x10 ./Core/Src/main.o
 .debug_macro   0x0001b1c1       0x16 ./Core/Src/main.o
 .debug_macro   0x0001b1d7       0x16 ./Core/Src/main.o
 .debug_macro   0x0001b1ed      0x146 ./Core/Src/main.o
 .debug_macro   0x0001b333      0x204 ./Core/Src/stm32f0xx_hal_msp.o
 .debug_macro   0x0001b537      0x20e ./Core/Src/stm32f0xx_it.o
 .debug_macro   0x0001b745      0x274 ./Core/Src/syscalls.o
 .debug_macro   0x0001b9b9       0x5b ./Core/Src/syscalls.o
 .debug_macro   0x0001ba14       0x94 ./Core/Src/syscalls.o
 .debug_macro   0x0001baa8       0x57 ./Core/Src/syscalls.o
 .debug_macro   0x0001baff       0x10 ./Core/Src/syscalls.o
 .debug_macro   0x0001bb0f       0x10 ./Core/Src/syscalls.o
 .debug_macro   0x0001bb1f       0x10 ./Core/Src/syscalls.o
 .debug_macro   0x0001bb2f       0x10 ./Core/Src/syscalls.o
 .debug_macro   0x0001bb3f       0x1c ./Core/Src/syscalls.o
 .debug_macro   0x0001bb5b       0x52 ./Core/Src/syscalls.o
 .debug_macro   0x0001bbad       0x22 ./Core/Src/syscalls.o
 .debug_macro   0x0001bbcf       0x10 ./Core/Src/syscalls.o
 .debug_macro   0x0001bbdf       0x52 ./Core/Src/syscalls.o
 .debug_macro   0x0001bc31       0xcf ./Core/Src/syscalls.o
 .debug_macro   0x0001bd00       0x1c ./Core/Src/syscalls.o
 .debug_macro   0x0001bd1c       0x3d ./Core/Src/syscalls.o
 .debug_macro   0x0001bd59       0x35 ./Core/Src/syscalls.o
 .debug_macro   0x0001bd8e      0x12c ./Core/Src/syscalls.o
 .debug_macro   0x0001beba       0x10 ./Core/Src/syscalls.o
 .debug_macro   0x0001beca      0x242 ./Core/Src/syscalls.o
 .debug_macro   0x0001c10c       0x1c ./Core/Src/syscalls.o
 .debug_macro   0x0001c128       0x10 ./Core/Src/syscalls.o
 .debug_macro   0x0001c138      0x18a ./Core/Src/syscalls.o
 .debug_macro   0x0001c2c2       0x16 ./Core/Src/syscalls.o
 .debug_macro   0x0001c2d8       0xce ./Core/Src/syscalls.o
 .debug_macro   0x0001c3a6      0x112 ./Core/Src/sysmem.o
 .debug_macro   0x0001c4b8      0x23c ./Core/Src/sysmem.o
 .debug_macro   0x0001c6f4      0x1f5 ./Core/Src/system_stm32f0xx.o
 .debug_macro   0x0001c8e9      0x219 ./Drivers/STM32F0xx_HAL_Driver/Src/stm32f0xx_hal.o
 .debug_macro   0x0001cb02      0x219 ./Drivers/STM32F0xx_HAL_Driver/Src/stm32f0xx_hal_adc.o
 .debug_macro   0x0001cd1b      0x204 ./Drivers/STM32F0xx_HAL_Driver/Src/stm32f0xx_hal_can.o
 .debug_macro   0x0001cf1f      0x1f5 ./Drivers/STM32F0xx_HAL_Driver/Src/stm32f0xx_hal_cortex.o
 .debug_macro   0x0001d114      0x1fc ./Drivers/STM32F0xx_HAL_Driver/Src/stm32f0xx_hal_gpio.o
 .debug_macro   0x0001d310      0x207 ./Drivers/STM32F0xx_HAL_Driver/Src/stm32f0xx_hal_rcc.o
 .debug_macro   0x0001d517      0x207 ./Drivers/STM32F0xx_HAL_Driver/Src/stm32f0xx_hal_rcc_ex.o
 .debug_macro   0x0001d71e      0x1fd ./Drivers/STM32F0xx_HAL_Driver/Src/stm32f0xx_hal_spi.o
 .debug_macro   0x0001d91b      0x1f6 ./Drivers/STM32F0xx_HAL_Driver/Src/stm32f0xx_hal_tim.o
 .debug_macro   0x0001db11      0x1f5 ./Drivers/STM32F0xx_HAL_Driver/Src/stm32f0xx_hal_tim_ex.o
 .debug_macro   0x0001dd06      0x212 ./Drivers/STM32F0xx_HAL_Driver/Src/stm32f0xx_hal_uart.o

.debug_line     0x00000000    0x17502
 .debug_line    0x00000000     0x110d ./Core/Src/LTC6813_HAL.o
 .debug_line    0x0000110d     0x1f5c ./Core/Src/LTC681x_HAL.o
 .debug_line    0x00003069      0xa1d ./Core/Src/LT_HAL_SPI.o
 .debug_line    0x00003a86      0xf36 ./Core/Src/main.o
 .debug_line    0x000049bc      0x951 ./Core/Src/stm32f0xx_hal_msp.o
 .debug_line    0x0000530d      0x838 ./Core/Src/stm32f0xx_it.o
 .debug_line    0x00005b45      0x8ac ./Core/Src/syscalls.o
 .debug_line    0x000063f1      0x588 ./Core/Src/sysmem.o
 .debug_line    0x00006979      0x863 ./Core/Src/system_stm32f0xx.o
 .debug_line    0x000071dc       0x7b ./Core/Startup/startup_stm32f091rctx.o
 .debug_line    0x00007257      0xa5a ./Drivers/STM32F0xx_HAL_Driver/Src/stm32f0xx_hal.o
 .debug_line    0x00007cb1     0x1276 ./Drivers/STM32F0xx_HAL_Driver/Src/stm32f0xx_hal_adc.o
 .debug_line    0x00008f27     0x1267 ./Drivers/STM32F0xx_HAL_Driver/Src/stm32f0xx_hal_can.o
 .debug_line    0x0000a18e      0xb02 ./Drivers/STM32F0xx_HAL_Driver/Src/stm32f0xx_hal_cortex.o
 .debug_line    0x0000ac90      0xbd4 ./Drivers/STM32F0xx_HAL_Driver/Src/stm32f0xx_hal_gpio.o
 .debug_line    0x0000b864      0xf9f ./Drivers/STM32F0xx_HAL_Driver/Src/stm32f0xx_hal_rcc.o
 .debug_line    0x0000c803      0xcef ./Drivers/STM32F0xx_HAL_Driver/Src/stm32f0xx_hal_rcc_ex.o
 .debug_line    0x0000d4f2     0x2079 ./Drivers/STM32F0xx_HAL_Driver/Src/stm32f0xx_hal_spi.o
 .debug_line    0x0000f56b     0x3805 ./Drivers/STM32F0xx_HAL_Driver/Src/stm32f0xx_hal_tim.o
 .debug_line    0x00012d70     0x1961 ./Drivers/STM32F0xx_HAL_Driver/Src/stm32f0xx_hal_tim_ex.o
 .debug_line    0x000146d1     0x2e31 ./Drivers/STM32F0xx_HAL_Driver/Src/stm32f0xx_hal_uart.o

.debug_str      0x00000000    0xb3157
 .debug_str     0x00000000    0xb3157 ./Core/Src/LTC6813_HAL.o
                               0x7fb9 (size before relaxing)
 .debug_str     0x000b3157     0x7d87 ./Core/Src/LTC681x_HAL.o
 .debug_str     0x000b3157    0xabbb0 ./Core/Src/LT_HAL_SPI.o
 .debug_str     0x000b3157    0xad2a7 ./Core/Src/main.o
 .debug_str     0x000b3157    0xa8ef0 ./Core/Src/stm32f0xx_hal_msp.o
 .debug_str     0x000b3157    0xa813f ./Core/Src/stm32f0xx_it.o
 .debug_str     0x000b3157     0x98f0 ./Core/Src/syscalls.o
 .debug_str     0x000b3157     0x768e ./Core/Src/sysmem.o
 .debug_str     0x000b3157    0xa8155 ./Core/Src/system_stm32f0xx.o
 .debug_str     0x000b3157       0x98 ./Core/Startup/startup_stm32f091rctx.o
 .debug_str     0x000b3157    0xa8745 ./Drivers/STM32F0xx_HAL_Driver/Src/stm32f0xx_hal.o
 .debug_str     0x000b3157    0xa8872 ./Drivers/STM32F0xx_HAL_Driver/Src/stm32f0xx_hal_adc.o
 .debug_str     0x000b3157    0xa892e ./Drivers/STM32F0xx_HAL_Driver/Src/stm32f0xx_hal_can.o
 .debug_str     0x000b3157    0xa8536 ./Drivers/STM32F0xx_HAL_Driver/Src/stm32f0xx_hal_cortex.o
 .debug_str     0x000b3157    0xa830b ./Drivers/STM32F0xx_HAL_Driver/Src/stm32f0xx_hal_gpio.o
 .debug_str     0x000b3157    0xa859c ./Drivers/STM32F0xx_HAL_Driver/Src/stm32f0xx_hal_rcc.o
 .debug_str     0x000b3157    0xa8538 ./Drivers/STM32F0xx_HAL_Driver/Src/stm32f0xx_hal_rcc_ex.o
 .debug_str     0x000b3157    0xa8ad5 ./Drivers/STM32F0xx_HAL_Driver/Src/stm32f0xx_hal_spi.o
 .debug_str     0x000b3157    0xa957b ./Drivers/STM32F0xx_HAL_Driver/Src/stm32f0xx_hal_tim.o
 .debug_str     0x000b3157    0xa8d87 ./Drivers/STM32F0xx_HAL_Driver/Src/stm32f0xx_hal_tim_ex.o
 .debug_str     0x000b3157    0xa8ec9 ./Drivers/STM32F0xx_HAL_Driver/Src/stm32f0xx_hal_uart.o

.comment        0x00000000       0x43
 .comment       0x00000000       0x43 ./Core/Src/LTC6813_HAL.o
                                 0x44 (size before relaxing)
 .comment       0x00000043       0x44 ./Core/Src/LTC681x_HAL.o
 .comment       0x00000043       0x44 ./Core/Src/LT_HAL_SPI.o
 .comment       0x00000043       0x44 ./Core/Src/main.o
 .comment       0x00000043       0x44 ./Core/Src/stm32f0xx_hal_msp.o
 .comment       0x00000043       0x44 ./Core/Src/stm32f0xx_it.o
 .comment       0x00000043       0x44 ./Core/Src/syscalls.o
 .comment       0x00000043       0x44 ./Core/Src/sysmem.o
 .comment       0x00000043       0x44 ./Core/Src/system_stm32f0xx.o
 .comment       0x00000043       0x44 ./Drivers/STM32F0xx_HAL_Driver/Src/stm32f0xx_hal.o
 .comment       0x00000043       0x44 ./Drivers/STM32F0xx_HAL_Driver/Src/stm32f0xx_hal_adc.o
 .comment       0x00000043       0x44 ./Drivers/STM32F0xx_HAL_Driver/Src/stm32f0xx_hal_can.o
 .comment       0x00000043       0x44 ./Drivers/STM32F0xx_HAL_Driver/Src/stm32f0xx_hal_cortex.o