../Core/Src/LTC6813_HAL.c:15:6:LTC6813_init_reg_limits	24	static
../Core/Src/LTC6813_HAL.c:34:6:LTC6813_wrcfg	16	static
../Core/Src/LTC6813_HAL.c:45:6:LTC6813_wrcfgb	16	static
../Core/Src/LTC6813_HAL.c:52:8:LTC6813_rdcfg	32	static
../Core/Src/LTC6813_HAL.c:61:8:LTC6813_rdcfgb	32	static
../Core/Src/LTC6813_HAL.c:70:6:LTC6813_adcv	24	static
../Core/Src/LTC6813_HAL.c:78:6:LTC6813_adax	16	static
../Core/Src/LTC6813_HAL.c:85:6:LTC6813_adstat	16	static
../Core/Src/LTC6813_HAL.c:92:6:LTC6813_adcvax	16	static
../Core/Src/LTC6813_HAL.c:99:6:LTC6813_adcvsc	16	static
../Core/Src/LTC6813_HAL.c:106:9:LTC6813_rdcv	32	static
../Core/Src/LTC6813_HAL.c:120:8:LTC6813_rdaux	32	static
../Core/Src/LTC6813_HAL.c:135:8:LTC6813_rdstat	32	static
../Core/Src/LTC6813_HAL.c:145:9:LTC6813_pladc	8	static
../Core/Src/LTC6813_HAL.c:150:10:LTC6813_pollAdc	8	static
../Core/Src/LTC6813_HAL.c:159:6:LTC6813_clrcell	8	static
../Core/Src/LTC6813_HAL.c:168:6:LTC6813_clraux	8	static
../Core/Src/LTC6813_HAL.c:177:6:LTC6813_clrstat	8	static
../Core/Src/LTC6813_HAL.c:182:6:LTC6813_diagn	8	static
../Core/Src/LTC6813_HAL.c:187:6:LTC6813_cvst	16	static
../Core/Src/LTC6813_HAL.c:194:6:LTC6813_axst	16	static
../Core/Src/LTC6813_HAL.c:201:6:LTC6813_statst	16	static
../Core/Src/LTC6813_HAL.c:208:6:LTC6813_adol	16	static
../Core/Src/LTC6813_HAL.c:215:6:LTC6813_adaxd	16	static
../Core/Src/LTC6813_HAL.c:222:6:LTC6813_adstatd	16	static
../Core/Src/LTC6813_HAL.c:229:9:LTC6813_run_cell_adc_st	48	static
../Core/Src/LTC6813_HAL.c:241:10:LTC6813_run_adc_overlap	48	static
../Core/Src/LTC6813_HAL.c:275:9:LTC6813_run_adc_redundancy_st	32	static
../Core/Src/LTC6813_HAL.c:286:6:LTC6813_adow	24	static
../Core/Src/LTC6813_HAL.c:295:6:LTC6813_axow	16	static
../Core/Src/LTC6813_HAL.c:327:6:LTC6813_set_discharge	32	static
../Core/Src/LTC6813_HAL.c:354:6:LTC6813_clear_discharge	16	static
../Core/Src/LTC6813_HAL.c:361:6:LTC6813_wrpwm	16	static
../Core/Src/LTC6813_HAL.c:369:8:LTC6813_rdpwm	32	static
../Core/Src/LTC6813_HAL.c:379:6:LTC6813_wrsctrl	16	static
../Core/Src/LTC6813_HAL.c:387:8:LTC6813_rdsctrl	16	static
../Core/Src/LTC6813_HAL.c:398:6:LTC6813_stsctrl	8	static
../Core/Src/LTC6813_HAL.c:407:6:LTC6813_clrsctrl	8	static
../Core/Src/LTC6813_HAL.c:412:6:LTC6813_wrpsb	280	static
../Core/Src/LTC6813_HAL.c:440:9:LTC6813_rdpsb	312	static
../Core/Src/LTC6813_HAL.c:493:6:LTC6813_wrcomm	16	static
../Core/Src/LTC6813_HAL.c:500:8:LTC6813_rdcomm	32	static
../Core/Src/LTC6813_HAL.c:509:6:LTC6813_stcomm	16	static
../Core/Src/LTC6813_HAL.c:515:6:LTC6813_mute	16	static
../Core/Src/LTC6813_HAL.c:524:6:LTC6813_unmute	16	static
../Core/Src/LTC6813_HAL.c:533:6:LTC6813_check_pec	16	static
../Core/Src/LTC6813_HAL.c:541:6:LTC6813_reset_crc_count	16	static
../Core/Src/LTC6813_HAL.c:548:6:LTC6813_init_cfg	16	static
../Core/Src/LTC6813_HAL.c:553:6:LTC6813_set_cfgr	24	static
../Core/Src/LTC6813_HAL.c:565:6:LTC6813_set_cfgr_refon	16	static
../Core/Src/LTC6813_HAL.c:570:6:LTC6813_set_cfgr_adcopt	16	static
../Core/Src/LTC6813_HAL.c:575:6:LTC6813_set_cfgr_gpio	32	static
../Core/Src/LTC6813_HAL.c:580:6:LTC6813_set_cfgr_dis	32	static
../Core/Src/LTC6813_HAL.c:585:6:LTC6813_set_cfgr_uv	16	static
../Core/Src/LTC6813_HAL.c:590:6:LTC6813_set_cfgr_dcto	32	static
../Core/Src/LTC6813_HAL.c:595:6:LTC6813_set_cfgr_ov	16	static
../Core/Src/LTC6813_HAL.c:600:6:LTC6813_init_cfgb	24	static
../Core/Src/LTC6813_HAL.c:611:6:LTC6813_set_cfgrb	24	static
../Core/Src/LTC6813_HAL.c:621:6:LTC6813_set_cfgrb_fdrf	16	static
../Core/Src/LTC6813_HAL.c:629:6:LTC6813_set_cfgrb_dtmen	16	static
../Core/Src/LTC6813_HAL.c:637:6:LTC6813_set_cfgrb_ps	32	static
../Core/Src/LTC6813_HAL.c:650:6:LTC6813_set_cfgrb_gpio_b	32	static
../Core/Src/LTC6813_HAL.c:663:6:LTC6813_set_cfgrb_dcc_b	32	static
