../Core/Src/LTC6813_HAL.c:15:6:LTC6813_init_reg_limits	24	static
../Core/Src/LTC6813_HAL.c:36:6:LTC6813_wrcfg	16	static
../Core/Src/LTC6813_HAL.c:48:6:LTC6813_wrcfgb	16	static
../Core/Src/LTC6813_HAL.c:56:8:LTC6813_rdcfg	32	static
../Core/Src/LTC6813_HAL.c:66:8:LTC6813_rdcfgb	32	static
../Core/Src/LTC6813_HAL.c:76:6:LTC6813_adcv	24	static
../Core/Src/LTC6813_HAL.c:85:6:LTC6813_adax	16	static
../Core/Src/LTC6813_HAL.c:93:6:LTC6813_adstat	16	static
../Core/Src/LTC6813_HAL.c:101:6:LTC6813_adcvax	16	static
../Core/Src/LTC6813_HAL.c:109:6:LTC6813_adcvsc	16	static
../Core/Src/LTC6813_HAL.c:117:9:LTC6813_rdcv	32	static
../Core/Src/LTC6813_HAL.c:132:8:LTC6813_rdaux	32	static
../Core/Src/LTC6813_HAL.c:148:8:LTC6813_rdstat	32	static
../Core/Src/LTC6813_HAL.c:159:9:LTC6813_pladc	8	static
../Core/Src/LTC6813_HAL.c:165:10:LTC6813_pollAdc	8	static
../Core/Src/LTC6813_HAL.c:175:6:LTC6813_clrcell	8	static
../Core/Src/LTC6813_HAL.c:185:6:LTC6813_clraux	8	static
../Core/Src/LTC6813_HAL.c:195:6:LTC6813_clrstat	8	static
../Core/Src/LTC6813_HAL.c:201:6:LTC6813_diagn	8	static
../Core/Src/LTC6813_HAL.c:207:6:LTC6813_cvst	16	static
../Core/Src/LTC6813_HAL.c:215:6:LTC6813_axst	16	static
../Core/Src/LTC6813_HAL.c:223:6:LTC6813_statst	16	static
../Core/Src/LTC6813_HAL.c:231:6:LTC6813_adol	16	static
../Core/Src/LTC6813_HAL.c:239:6:LTC6813_adaxd	16	static
../Core/Src/LTC6813_HAL.c:247:6:LTC6813_adstatd	16	static
../Core/Src/LTC6813_HAL.c:255:9:LTC6813_run_cell_adc_st	48	static
../Core/Src/LTC6813_HAL.c:268:10:LTC6813_run_adc_overlap	48	static
../Core/Src/LTC6813_HAL.c:303:9:LTC6813_run_adc_redundancy_st	32	static
../Core/Src/LTC6813_HAL.c:315:6:LTC6813_adow	24	static
../Core/Src/LTC6813_HAL.c:325:6:LTC6813_axow	16	static
../Core/Src/LTC6813_HAL.c:358:6:LTC6813_set_discharge	32	static
../Core/Src/LTC6813_HAL.c:394:6:LTC6813_clear_discharge	16	static
../Core/Src/LTC6813_HAL.c:402:6:LTC6813_wrpwm	16	static
../Core/Src/LTC6813_HAL.c:411:8:LTC6813_rdpwm	32	static
../Core/Src/LTC6813_HAL.c:422:6:LTC6813_wrsctrl	16	static
../Core/Src/LTC6813_HAL.c:431:8:LTC6813_rdsctrl	16	static
../Core/Src/LTC6813_HAL.c:443:6:LTC6813_stsctrl	8	static
../Core/Src/LTC6813_HAL.c:453:6:LTC6813_clrsctrl	8	static
../Core/Src/LTC6813_HAL.c:459:6:LTC6813_wrpsb	280	static
../Core/Src/LTC6813_HAL.c:486:9:LTC6813_rdpsb	312	static
../Core/Src/LTC6813_HAL.c:541:6:LTC6813_wrcomm	16	static
../Core/Src/LTC6813_HAL.c:549:8:LTC6813_rdcomm	32	static
../Core/Src/LTC6813_HAL.c:559:6:LTC6813_stcomm	16	static
../Core/Src/LTC6813_HAL.c:565:6:LTC6813_mute	16	static
../Core/Src/LTC6813_HAL.c:575:6:LTC6813_unmute	16	static
../Core/Src/LTC6813_HAL.c:585:6:LTC6813_check_pec	16	static
../Core/Src/LTC6813_HAL.c:594:6:LTC6813_reset_crc_count	16	static
../Core/Src/LTC6813_HAL.c:602:6:LTC6813_init_cfg	16	static
../Core/Src/LTC6813_HAL.c:608:6:LTC6813_set_cfgr	24	static
../Core/Src/LTC6813_HAL.c:620:6:LTC6813_set_cfgr_refon	16	static
../Core/Src/LTC6813_HAL.c:626:6:LTC6813_set_cfgr_adcopt	16	static
../Core/Src/LTC6813_HAL.c:632:6:LTC6813_set_cfgr_gpio	32	static
../Core/Src/LTC6813_HAL.c:638:6:LTC6813_set_cfgr_dis	32	static
../Core/Src/LTC6813_HAL.c:644:6:LTC6813_set_cfgr_uv	16	static
../Core/Src/LTC6813_HAL.c:650:6:LTC6813_set_cfgr_dcto	32	static
../Core/Src/LTC6813_HAL.c:656:6:LTC6813_set_cfgr_ov	16	static
../Core/Src/LTC6813_HAL.c:662:6:LTC6813_init_cfgb	24	static
../Core/Src/LTC6813_HAL.c:676:6:LTC6813_set_cfgrb	24	static
../Core/Src/LTC6813_HAL.c:686:6:LTC6813_set_cfgrb_fdrf	16	static
../Core/Src/LTC6813_HAL.c:693:6:LTC6813_set_cfgrb_dtmen	16	static
../Core/Src/LTC6813_HAL.c:700:6:LTC6813_set_cfgrb_ps	32	static
../Core/Src/LTC6813_HAL.c:711:6:LTC6813_set_cfgrb_gpio_b	32	static
../Core/Src/LTC6813_HAL.c:722:6:LTC6813_set_cfgrb_dcc_b	32	static
