../Core/Src/LTC681x_HAL.c:46:6:wakeup_idle	24	static
../Core/Src/LTC681x_HAL.c:57:6:wakeup_sleep	24	static
../Core/Src/LTC681x_HAL.c:69:6:cmd_68	40	static
../Core/Src/LTC681x_HAL.c:90:6:write_68	56	static
../Core/Src/LTC681x_HAL.c:133:8:read_68	312	static
../Core/Src/LTC681x_HAL.c:177:10:pec15_calc	32	static
../Core/Src/LTC681x_HAL.c:198:6:LTC681x_wrcfg	288	static
../Core/Src/LTC681x_HAL.c:224:6:LTC681x_wrcfgb	288	static
../Core/Src/LTC681x_HAL.c:250:8:LTC681x_rdcfg	304	static
../Core/Src/LTC681x_HAL.c:290:8:LTC681x_rdcfgb	304	static
../Core/Src/LTC681x_HAL.c:330:6:LTC681x_adcv	32	static
../Core/Src/LTC681x_HAL.c:346:6:LTC681x_adax	24	static
../Core/Src/LTC681x_HAL.c:361:6:LTC681x_adstat	24	static
../Core/Src/LTC681x_HAL.c:376:6:LTC681x_adcvsc	24	static
../Core/Src/LTC681x_HAL.c:391:6:LTC681x_adcvax	24	static
../Core/Src/LTC681x_HAL.c:411:9:LTC681x_rdcv	48	static
../Core/Src/LTC681x_HAL.c:467:8:LTC681x_rdaux	56	static
../Core/Src/LTC681x_HAL.c:519:8:LTC681x_rdstat	64	static
../Core/Src/LTC681x_HAL.c:648:6:LTC681x_rdcv_reg	40	static
../Core/Src/LTC681x_HAL.c:696:6:LTC681x_rdaux_reg	40	static
../Core/Src/LTC681x_HAL.c:740:6:LTC681x_rdstat_reg	40	static
../Core/Src/LTC681x_HAL.c:774:8:parse_cells	56	static
../Core/Src/LTC681x_HAL.c:816:9:LTC681x_pladc	24	static
../Core/Src/LTC681x_HAL.c:836:10:LTC681x_pollAdc	32	static
../Core/Src/LTC681x_HAL.c:869:6:LTC681x_clrcell	16	static
../Core/Src/LTC681x_HAL.c:879:6:LTC681x_clraux	16	static
../Core/Src/LTC681x_HAL.c:890:6:LTC681x_clrstat	16	static
../Core/Src/LTC681x_HAL.c:896:6:LTC681x_diagn	16	static
../Core/Src/LTC681x_HAL.c:902:6:LTC681x_cvst	24	static
../Core/Src/LTC681x_HAL.c:917:6:LTC681x_axst	24	static
../Core/Src/LTC681x_HAL.c:932:6:LTC681x_statst	24	static
../Core/Src/LTC681x_HAL.c:947:6:LTC681x_adol	24	static
../Core/Src/LTC681x_HAL.c:962:6:LTC681x_adaxd	24	static
../Core/Src/LTC681x_HAL.c:977:6:LTC681x_adstatd	24	static
../Core/Src/LTC681x_HAL.c:992:9:LTC681x_run_cell_adc_st	48	static
../Core/Src/LTC681x_HAL.c:1075:10:LTC681x_run_adc_overlap	40	static
../Core/Src/LTC681x_HAL.c:1105:9:LTC681x_run_adc_redundancy_st	48	static
../Core/Src/LTC681x_HAL.c:1160:10:LTC681x_st_lookup	32	static
../Core/Src/LTC681x_HAL.c:1191:6:LTC681x_adow	32	static
../Core/Src/LTC681x_HAL.c:1208:6:LTC681x_axow	24	static
../Core/Src/LTC681x_HAL.c:1544:6:LTC681x_clear_discharge	24	static
../Core/Src/LTC681x_HAL.c:1559:6:LTC681x_wrpwm	288	static
../Core/Src/LTC681x_HAL.c:1602:8:LTC681x_rdpwm	304	static
../Core/Src/LTC681x_HAL.c:1657:6:LTC681x_wrsctrl	288	static
../Core/Src/LTC681x_HAL.c:1695:8:LTC681x_rdsctrl	304	static
../Core/Src/LTC681x_HAL.c:1749:6:LTC681x_stsctrl	24	static
../Core/Src/LTC681x_HAL.c:1770:6:LTC681x_clrsctrl	16	static
../Core/Src/LTC681x_HAL.c:1777:6:LTC681x_wrcomm	288	static
../Core/Src/LTC681x_HAL.c:1809:8:LTC681x_rdcomm	304	static
../Core/Src/LTC681x_HAL.c:1853:6:LTC681x_stcomm	48	static
../Core/Src/LTC681x_HAL.c:1874:6:LTC681x_check_pec	24	static
../Core/Src/LTC681x_HAL.c:1936:6:LTC681x_reset_crc_count	24	static
../Core/Src/LTC681x_HAL.c:1963:6:LTC681x_init_cfg	24	static
../Core/Src/LTC681x_HAL.c:1979:6:LTC681x_set_cfgr	24	static
../Core/Src/LTC681x_HAL.c:2000:6:LTC681x_set_cfgr_refon	16	static
../Core/Src/LTC681x_HAL.c:2007:6:LTC681x_set_cfgr_adcopt	16	static
../Core/Src/LTC681x_HAL.c:2014:6:LTC681x_set_cfgr_gpio	32	static
../Core/Src/LTC681x_HAL.c:2025:6:LTC681x_set_cfgr_dis	32	static
../Core/Src/LTC681x_HAL.c:2041:6:LTC681x_set_cfgr_dcto	32	static
../Core/Src/LTC681x_HAL.c:2052:6:LTC681x_set_cfgr_uv	24	static
../Core/Src/LTC681x_HAL.c:2061:6:LTC681x_set_cfgr_ov	24	static
