../Core/Src/main.c:167:5:main	56	static
../Core/Src/main.c:261:6:SystemClock_Config	112	static
../Core/Src/main.c:303:13:MX_ADC_Init	24	static
../Core/Src/main.c:424:13:MX_CAN_Init	8	static
../Core/Src/main.c:459:13:MX_SPI1_Init	8	static
../Core/Src/main.c:497:13:MX_TIM2_Init	32	static
../Core/Src/main.c:539:13:MX_USART1_UART_Init	8	static
../Core/Src/main.c:572:13:MX_GPIO_Init	56	static
../Core/Src/main.c:631:1:__io_putchar	16	static
../Core/Src/main.c:644:6:print_wrconfig	24	static
../Core/Src/main.c:675:6:print_rxconfig	16	static
../Core/Src/main.c:703:6:print_cells	32	static
../Core/Src/main.c:745:6:print_aux	32	static
../Core/Src/main.c:809:6:serial_print_hex	16	static
../Core/Src/main.c:824:6:check_error	16	static
../Core/Src/main.c:836:6:Error_Handler	8	static,ignoring_inline_asm
